ï»¿2026-08-30T08:56:13.5411737Z Current runner version: '2.336.0'
2026-08-30T08:56:13.5437870Z ##[group]Runner Image Provisioner
2026-08-30T08:56:13.5438807Z Hosted Compute Agent
2026-08-30T08:56:13.5439375Z Version: 20260819.586
2026-08-30T08:56:13.5440098Z Commit: 3cc4a88dfa507ef76119ad1bb3eccc6378bb2b76
2026-08-30T08:56:13.5440840Z Build Date: 2026-08-18T23:20:18Z
2026-08-30T08:56:13.5441543Z Worker ID: {3237f749-5233-406f-823f-bf236dc8359f}
2026-08-30T08:56:13.5442304Z Azure Region: eastus
2026-08-30T08:56:13.5442862Z ##[endgroup]
2026-08-30T08:56:13.5444427Z ##[group]Operating System
2026-08-30T08:56:13.5445071Z Ubuntu
2026-08-30T08:56:13.5445684Z 24.04.4
2026-08-30T08:56:13.5446230Z LTS
2026-08-30T08:56:13.5446740Z ##[endgroup]
2026-08-30T08:56:13.5447945Z ##[group]Runner Image
2026-08-30T08:56:13.5448564Z Image: ubuntu-24.04
2026-08-30T08:56:13.5449112Z Version: 20260823.283.1
2026-08-30T08:56:13.5450453Z Included Software: https://github.com/actions/runner-images/blob/ubuntu24/20260823.283/images/ubuntu/Ubuntu2404-Readme.md
2026-08-30T08:56:13.5452070Z Image Release: https://github.com/actions/runner-images/releases/tag/ubuntu24%2F20260823.283
2026-08-30T08:56:13.5453092Z ##[endgroup]
2026-08-30T08:56:13.5454411Z ##[group]GITHUB_TOKEN Permissions
2026-08-30T08:56:13.5456623Z Actions: write
2026-08-30T08:56:13.5457418Z Contents: read
2026-08-30T08:56:13.5458122Z Metadata: read
2026-08-30T08:56:13.5458671Z ##[endgroup]
2026-08-30T08:56:13.5460932Z Secret source: Actions
2026-08-30T08:56:13.5462232Z Prepare workflow directory
2026-08-30T08:56:13.5796054Z Prepare all required actions
2026-08-30T08:56:13.5847354Z Getting action download info
2026-08-30T08:56:13.8056947Z Download action repository 'actions/checkout@v4' (SHA:11d5960a326750d5838078e36cf38b85af677262)
2026-08-30T08:56:13.9518038Z Download action repository 'actions/setup-java@v4' (SHA:cf277c60eb25467037889841efdb72551f06f6c3)
2026-08-30T08:56:14.1723013Z Download action repository 'android-actions/setup-android@v3' (SHA:9fc6c4e9069bf8d3d10b2204b1fb8f6ef7065407)
2026-08-30T08:56:14.2792838Z Download action repository 'actions/upload-artifact@v4' (SHA:ea165f8d65b6e75b540449e92b4886f43607fa02)
2026-08-30T08:56:14.5020122Z Complete job name: build
2026-08-30T08:56:14.5809616Z Node 20 is being deprecated. This workflow is running with Node 24 by default. If you need to temporarily use Node 20, you can set the ACTIONS_ALLOW_USE_UNSECURE_NODE_VERSION=true environment variable. For more information see: https://github.blog/changelog/2025-09-19-deprecation-of-node-20-on-github-actions-runners/
2026-08-30T08:56:14.5823889Z ##[group]Run actions/checkout@v4
2026-08-30T08:56:14.5825286Z with:
2026-08-30T08:56:14.5826146Z   repository: sprains-totem/vibeQwenGlasses
2026-08-30T08:56:14.5834163Z   token: ***
2026-08-30T08:56:14.5834926Z   ssh-strict: true
2026-08-30T08:56:14.5835663Z   ssh-user: git
2026-08-30T08:56:14.5836429Z   persist-credentials: true
2026-08-30T08:56:14.5837613Z   clean: true
2026-08-30T08:56:14.5838387Z   sparse-checkout-cone-mode: true
2026-08-30T08:56:14.5839053Z   fetch-depth: 1
2026-08-30T08:56:14.5839755Z   fetch-tags: false
2026-08-30T08:56:14.5840330Z   show-progress: true
2026-08-30T08:56:14.5840931Z   lfs: false
2026-08-30T08:56:14.5841649Z   submodules: false
2026-08-30T08:56:14.5842207Z   set-safe-directory: true
2026-08-30T08:56:14.5842868Z   allow-unsafe-pr-checkout: false
2026-08-30T08:56:14.5843914Z ##[endgroup]
2026-08-30T08:56:14.6899461Z Syncing repository: sprains-totem/vibeQwenGlasses
2026-08-30T08:56:14.6901620Z ##[group]Getting Git version info
2026-08-30T08:56:14.6902719Z Working directory is '/home/runner/work/vibeQwenGlasses/vibeQwenGlasses'
2026-08-30T08:56:14.6904069Z [command]/usr/bin/git version
2026-08-30T08:56:14.6968371Z git version 2.55.0
2026-08-30T08:56:14.6999777Z ##[endgroup]
2026-08-30T08:56:14.7016048Z Temporarily overriding HOME='/home/runner/work/_temp/58bf9830-91e2-4805-b460-e0f8adc32f4f' before making global git config changes
2026-08-30T08:56:14.7018919Z Adding repository directory to the temporary git global config as a safe directory
2026-08-30T08:56:14.7028858Z [command]/usr/bin/git config --global --add safe.directory /home/runner/work/vibeQwenGlasses/vibeQwenGlasses
2026-08-30T08:56:14.7081537Z Deleting the contents of '/home/runner/work/vibeQwenGlasses/vibeQwenGlasses'
2026-08-30T08:56:14.7086824Z ##[group]Initializing the repository
2026-08-30T08:56:14.7092381Z [command]/usr/bin/git init /home/runner/work/vibeQwenGlasses/vibeQwenGlasses
2026-08-30T08:56:14.7221343Z hint: Using 'master' as the name for the initial branch. This default branch name
2026-08-30T08:56:14.7224456Z hint: will change to "main" in Git 3.0. To configure the initial branch name
2026-08-30T08:56:14.7227635Z hint: to use in all of your new repositories, which will suppress this warning,
2026-08-30T08:56:14.7232456Z hint: call:
2026-08-30T08:56:14.7234058Z hint:
2026-08-30T08:56:14.7235402Z hint: 	git config --global init.defaultBranch <name>
2026-08-30T08:56:14.7237420Z hint:
2026-08-30T08:56:14.7240270Z hint: Names commonly chosen instead of 'master' are 'main', 'trunk' and
2026-08-30T08:56:14.7242621Z hint: 'development'. The just-created branch can be renamed via this command:
2026-08-30T08:56:14.7244600Z hint:
2026-08-30T08:56:14.7245656Z hint: 	git branch -m <name>
2026-08-30T08:56:14.7246987Z hint:
2026-08-30T08:56:14.7248751Z hint: Disable this message with "git config set advice.defaultBranchName false"
2026-08-30T08:56:14.7251641Z Initialized empty Git repository in /home/runner/work/vibeQwenGlasses/vibeQwenGlasses/.git/
2026-08-30T08:56:14.7254754Z [command]/usr/bin/git remote add origin https://github.com/sprains-totem/vibeQwenGlasses
2026-08-30T08:56:14.7298311Z ##[endgroup]
2026-08-30T08:56:14.7299909Z ##[group]Disabling automatic garbage collection
2026-08-30T08:56:14.7303782Z [command]/usr/bin/git config --local gc.auto 0
2026-08-30T08:56:14.7337825Z ##[endgroup]
2026-08-30T08:56:14.7339436Z ##[group]Setting up auth
2026-08-30T08:56:14.7345728Z [command]/usr/bin/git config --local --name-only --get-regexp core\.sshCommand
2026-08-30T08:56:14.7390065Z [command]/usr/bin/git submodule foreach --recursive sh -c "git config --local --name-only --get-regexp 'core\.sshCommand' && git config --local --unset-all 'core.sshCommand' || :"
2026-08-30T08:56:14.7833947Z [command]/usr/bin/git config --local --name-only --get-regexp http\.https\:\/\/github\.com\/\.extraheader
2026-08-30T08:56:14.7923562Z [command]/usr/bin/git submodule foreach --recursive sh -c "git config --local --name-only --get-regexp 'http\.https\:\/\/github\.com\/\.extraheader' && git config --local --unset-all 'http.https://github.com/.extraheader' || :"
2026-08-30T08:56:14.8177931Z [command]/usr/bin/git config --local --name-only --get-regexp ^includeIf\.gitdir:
2026-08-30T08:56:14.8205731Z [command]/usr/bin/git submodule foreach --recursive git config --local --show-origin --name-only --get-regexp remote.origin.url
2026-08-30T08:56:14.8479905Z [command]/usr/bin/git config --local http.https://github.com/.extraheader AUTHORIZATION: basic ***
2026-08-30T08:56:15.0654716Z ##[endgroup]
2026-08-30T08:56:15.0657811Z ##[group]Fetching the repository
2026-08-30T08:56:15.0669058Z [command]/usr/bin/git -c protocol.version=2 fetch --no-tags --prune --no-recurse-submodules --depth=1 origin +aa419563578c69732786e827cb33ae2cd886a206:refs/remotes/origin/main
2026-08-30T08:56:16.8701239Z From https://github.com/sprains-totem/vibeQwenGlasses
2026-08-30T08:56:16.8702296Z  * [new ref]         aa419563578c69732786e827cb33ae2cd886a206 -> origin/main
2026-08-30T08:56:16.8706511Z ##[endgroup]
2026-08-30T08:56:16.8707602Z ##[group]Determining the checkout info
2026-08-30T08:56:16.8709800Z ##[endgroup]
2026-08-30T08:56:16.8715805Z [command]/usr/bin/git sparse-checkout disable
2026-08-30T08:56:16.8802691Z [command]/usr/bin/git config --local --unset-all extensions.worktreeConfig
2026-08-30T08:56:16.8839485Z ##[group]Checking out the ref
2026-08-30T08:56:16.8843717Z [command]/usr/bin/git checkout --progress --force -B main refs/remotes/origin/main
2026-08-30T08:56:17.0019271Z Switched to a new branch 'main'
2026-08-30T08:56:17.0023946Z branch 'main' set up to track 'origin/main'.
2026-08-30T08:56:17.0030294Z ##[endgroup]
2026-08-30T08:56:17.0079699Z [command]/usr/bin/git log -1 --format=%H
2026-08-30T08:56:17.0190654Z aa419563578c69732786e827cb33ae2cd886a206
2026-08-30T08:56:17.0436536Z Node 20 is being deprecated. This workflow is running with Node 24 by default. If you need to temporarily use Node 20, you can set the ACTIONS_ALLOW_USE_UNSECURE_NODE_VERSION=true environment variable. For more information see: https://github.blog/changelog/2025-09-19-deprecation-of-node-20-on-github-actions-runners/
2026-08-30T08:56:17.0438730Z ##[group]Run actions/setup-java@v4
2026-08-30T08:56:17.0439061Z with:
2026-08-30T08:56:17.0439323Z   distribution: temurin
2026-08-30T08:56:17.0439595Z   java-version: 17
2026-08-30T08:56:17.0439886Z   java-package: jdk
2026-08-30T08:56:17.0440141Z   check-latest: false
2026-08-30T08:56:17.0440407Z   server-id: github
2026-08-30T08:56:17.0440673Z   server-username: GITHUB_ACTOR
2026-08-30T08:56:17.0440987Z   server-password: GITHUB_TOKEN
2026-08-30T08:56:17.0441316Z   overwrite-settings: true
2026-08-30T08:56:17.0441596Z   job-status: success
2026-08-30T08:56:17.0444111Z   token: ***
2026-08-30T08:56:17.0444385Z ##[endgroup]
2026-08-30T08:56:17.2111829Z ##[warning]setup-java v4 is deprecated and will no longer receive updates. Please migrate to actions/setup-java@v5.
2026-08-30T08:56:17.2119130Z ##[group]Installed distributions
2026-08-30T08:56:17.2157496Z Resolved Java 17.0.20+1 from tool-cache
2026-08-30T08:56:17.2158159Z Setting Java 17.0.20+1 as the default
2026-08-30T08:56:17.2168346Z (node:2252) [DEP0040] DeprecationWarning: The `punycode` module is deprecated. Please use a userland alternative instead.
2026-08-30T08:56:17.2169931Z (Use `node --trace-deprecation ...` to show where the warning was created)
2026-08-30T08:56:17.2173237Z Creating toolchains.xml for JDK version 17 from temurin
2026-08-30T08:56:17.2253659Z Writing to /home/runner/.m2/toolchains.xml
2026-08-30T08:56:17.2254179Z 
2026-08-30T08:56:17.2254469Z Java configuration:
2026-08-30T08:56:17.2255017Z   Distribution: temurin
2026-08-30T08:56:17.2255561Z   Version: 17.0.20+1
2026-08-30T08:56:17.2256283Z   Path: /opt/hostedtoolcache/Java_Temurin-Hotspot_jdk/17.0.20-1/x64
2026-08-30T08:56:17.2256926Z 
2026-08-30T08:56:17.2257792Z ##[endgroup]
2026-08-30T08:56:17.2275207Z Creating settings.xml with server-id: github
2026-08-30T08:56:17.2305681Z Writing to /home/runner/.m2/settings.xml
2026-08-30T08:56:17.2487681Z Node 20 is being deprecated. This workflow is running with Node 24 by default. If you need to temporarily use Node 20, you can set the ACTIONS_ALLOW_USE_UNSECURE_NODE_VERSION=true environment variable. For more information see: https://github.blog/changelog/2025-09-19-deprecation-of-node-20-on-github-actions-runners/
2026-08-30T08:56:17.2489087Z ##[group]Run android-actions/setup-android@v3
2026-08-30T08:56:17.2489421Z with:
2026-08-30T08:56:17.2489675Z   cmdline-tools-version: 12266719
2026-08-30T08:56:17.2489994Z   accept-android-sdk-licenses: true
2026-08-30T08:56:17.2490347Z   log-accepted-android-sdk-licenses: true
2026-08-30T08:56:17.2490690Z   packages: tools platform-tools
2026-08-30T08:56:17.2490981Z env:
2026-08-30T08:56:17.2491316Z   JAVA_HOME: /opt/hostedtoolcache/Java_Temurin-Hotspot_jdk/17.0.20-1/x64
2026-08-30T08:56:17.2491853Z   JAVA_HOME_17_X64: /opt/hostedtoolcache/Java_Temurin-Hotspot_jdk/17.0.20-1/x64
2026-08-30T08:56:17.2492276Z ##[endgroup]
2026-08-30T08:56:17.3295083Z Found preinstalled sdkmanager in /usr/local/lib/android/sdk/cmdline-tools/latest with following source.properties:
2026-08-30T08:56:17.3296349Z Pkg.Revision=12.0
2026-08-30T08:56:17.3297482Z Pkg.Path=cmdline-tools;12.0
2026-08-30T08:56:17.3298074Z Pkg.Desc=Android SDK Command-line Tools
2026-08-30T08:56:17.3298516Z 
2026-08-30T08:56:17.3298812Z Wrong version in preinstalled sdkmanager
2026-08-30T08:56:17.3299988Z Downloading commandline tools from https://dl.google.com/android/repository/commandlinetools-linux-12266719_latest.zip
2026-08-30T08:56:18.0926187Z [command]/usr/bin/unzip -o -q /home/runner/work/_temp/0b1e06d1-4e79-4854-883b-4b6f6fe220a2
2026-08-30T08:56:18.8618818Z Accepting Android SDK licenses
2026-08-30T08:56:18.8648182Z [command]/usr/local/lib/android/sdk/cmdline-tools/16.0/bin/sdkmanager --licenses
2026-08-30T08:56:21.1677380Z Loading local repository...                                                     
2026-08-30T08:56:21.1678713Z [=========                              ] 25% Loading local repository...       
2026-08-30T08:56:22.3628709Z [=========                              ] 25% Fetch remote repository...        
2026-08-30T08:56:22.8128662Z [==========                             ] 26% Fetch remote repository...        
2026-08-30T08:56:22.8158032Z [============                           ] 31% Fetch remote repository...        
2026-08-30T08:56:22.8750944Z [============                           ] 32% Fetch remote repository...        
2026-08-30T08:56:22.8752201Z [=============                          ] 33% Fetch remote repository...        
2026-08-30T08:56:22.9028657Z [=============                          ] 35% Fetch remote repository...        
2026-08-30T08:56:22.9046578Z [==============                         ] 36% Fetch remote repository...        
2026-08-30T08:56:22.9324895Z [==============                         ] 37% Fetch remote repository...        
2026-08-30T08:56:22.9327751Z [===============                        ] 38% Fetch remote repository...        
2026-08-30T08:56:22.9525086Z [===============                        ] 39% Fetch remote repository...        
2026-08-30T08:56:22.9526295Z [================                       ] 40% Fetch remote repository...        
2026-08-30T08:56:22.9752256Z [================                       ] 41% Fetch remote repository...        
2026-08-30T08:56:22.9756384Z [================                       ] 42% Fetch remote repository...        
2026-08-30T08:56:22.9988707Z [=================                      ] 44% Fetch remote repository...        
2026-08-30T08:56:23.0020040Z [=================                      ] 45% Fetch remote repository...        
2026-08-30T08:56:23.0169942Z [==================                     ] 46% Fetch remote repository...        
2026-08-30T08:56:23.0171186Z [==================                     ] 47% Fetch remote repository...        
2026-08-30T08:56:23.0404385Z [===================                    ] 48% Fetch remote repository...        
2026-08-30T08:56:23.0430074Z [===================                    ] 49% Fetch remote repository...        
2026-08-30T08:56:23.0653284Z [====================                   ] 50% Fetch remote repository...        
2026-08-30T08:56:23.0672007Z [====================                   ] 51% Fetch remote repository...        
2026-08-30T08:56:23.0891684Z [====================                   ] 53% Fetch remote repository...        
2026-08-30T08:56:23.0927897Z [=====================                  ] 54% Fetch remote repository...        
2026-08-30T08:56:23.1062376Z [=====================                  ] 55% Fetch remote repository...        
2026-08-30T08:56:23.1065395Z [======================                 ] 56% Fetch remote repository...        
2026-08-30T08:56:23.1246870Z [======================                 ] 57% Fetch remote repository...        
2026-08-30T08:56:23.1251485Z [=======================                ] 58% Fetch remote repository...        
2026-08-30T08:56:23.1463488Z [=======================                ] 59% Fetch remote repository...        
2026-08-30T08:56:23.1477944Z [========================               ] 60% Fetch remote repository...        
2026-08-30T08:56:23.1649111Z [========================               ] 61% Fetch remote repository...        
2026-08-30T08:56:23.1650088Z [=========================              ] 63% Fetch remote repository...        
2026-08-30T08:56:23.1994792Z [=========================              ] 64% Fetch remote repository...        
2026-08-30T08:56:23.1995821Z [=========================              ] 65% Fetch remote repository...        
2026-08-30T08:56:23.2437826Z [==========================             ] 66% Fetch remote repository...        
2026-08-30T08:56:23.2468675Z [==========================             ] 67% Fetch remote repository...        
2026-08-30T08:56:23.2844508Z [===========================            ] 68% Fetch remote repository...        
2026-08-30T08:56:23.2845643Z [===========================            ] 69% Fetch remote repository...        
2026-08-30T08:56:23.3918309Z [============================           ] 70% Fetch remote repository...        
2026-08-30T08:56:23.3919514Z [============================           ] 72% Fetch remote repository...        
2026-08-30T08:56:23.4728407Z [=============================          ] 73% Fetch remote repository...        
2026-08-30T08:56:23.4748238Z [=============================          ] 74% Fetch remote repository...        
2026-08-30T08:56:23.4858134Z [=============================          ] 75% Fetch remote repository...        
2026-08-30T08:56:23.4957774Z [=============================          ] 75% Computing updates...              
2026-08-30T08:56:23.4965698Z [=======================================] 100% Computing updates...             
2026-08-30T08:56:23.5450639Z 6 of 7 SDK package licenses not accepted.
2026-08-30T08:56:23.5458310Z Review licenses that have not been accepted (y/N)? 
2026-08-30T08:56:23.5458962Z 1/6: License android-googletv-license:
2026-08-30T08:56:23.5459697Z ---------------------------------------
2026-08-30T08:56:23.5460319Z Terms and Conditions
2026-08-30T08:56:23.5460673Z 
2026-08-30T08:56:23.5461186Z This is the Google TV Add-on for the Android Software Development Kit License Agreement.
2026-08-30T08:56:23.5461889Z 
2026-08-30T08:56:23.5462163Z 1. Introduction
2026-08-30T08:56:23.5462494Z 
2026-08-30T08:56:23.5464839Z 1.1 The Google TV Add-on for the Android Software Development Kit (referred to in this License Agreement as the "Google TV Add-on" and specifically including the Android system files, packaged APIs, and Google APIs add-ons) is licensed to you subject to the terms of this License Agreement. This License Agreement forms a legally binding contract between you and Google in relation to your use of the Google TV Add-on.
2026-08-30T08:56:23.5467579Z 
2026-08-30T08:56:23.5468495Z 1.2 "Google" means Google Inc., a Delaware corporation with principal place of business at 1600 Amphitheatre Parkway, Mountain View, CA 94043, United States.
2026-08-30T08:56:23.5469895Z 
2026-08-30T08:56:23.5470230Z 2. Accepting this License Agreement
2026-08-30T08:56:23.5470663Z 
2026-08-30T08:56:23.5471602Z 2.1 In order to use the Google TV Add-on, you must first agree to this License Agreement. You may not use the Google TV Add-on if you do not accept this License Agreement.
2026-08-30T08:56:23.5478494Z 
2026-08-30T08:56:23.5478920Z 2.2 You can accept this License Agreement by:
2026-08-30T08:56:23.5489260Z 
2026-08-30T08:56:23.5489993Z (A) clicking to accept or agree to this License Agreement, where this option is made available to you; or
2026-08-30T08:56:23.5490851Z 
2026-08-30T08:56:23.5491826Z (B) by actually using the Google TV Add-on. In this case, you agree that use of the Google TV Add-on constitutes acceptance of the License Agreement from that point onwards.
2026-08-30T08:56:23.5492966Z 
2026-08-30T08:56:23.5499433Z 2.3 You may not use the Google TV Add-on and may not accept the Licensing Agreement if you are a person barred from receiving the Google TV Add-on under the laws of the United States or other countries including the country in which you are resident or from which you use the Google TV Add-on.
2026-08-30T08:56:23.5501246Z 
2026-08-30T08:56:23.5503355Z 2.4 If you are agreeing to be bound by this License Agreement on behalf of your employer or other entity, you represent and warrant that you have full legal authority to bind your employer or such entity to this License Agreement. If you do not have the requisite authority, you may not accept the Licensing Agreement or use the Google TV Add-on on behalf of your employer or other entity.
2026-08-30T08:56:23.5508884Z 
2026-08-30T08:56:23.5509239Z 3. Google TV Add-on License from Google
2026-08-30T08:56:23.5509710Z 
2026-08-30T08:56:23.5511089Z 3.1 Subject to the terms of this License Agreement, Google grants you a limited, worldwide, royalty-free, non- assignable and non-exclusive license to use the Google TV Add-on solely to develop applications to run on the Google TV platform.
2026-08-30T08:56:23.5512633Z 
2026-08-30T08:56:23.5514930Z 3.2 You agree that Google or third parties own all legal right, title and interest in and to the Google TV Add-on, including any Intellectual Property Rights that subsist in the Google TV Add-on. "Intellectual Property Rights" means any and all rights under patent law, copyright law, trade secret law, trademark law, and any and all other proprietary rights. Google reserves all rights not expressly granted to you.
2026-08-30T08:56:23.5517610Z 
2026-08-30T08:56:23.5520981Z 3.3 Except to the extent required by applicable third party licenses, you may not copy (except for backup purposes), modify, adapt, redistribute, decompile, reverse engineer, disassemble, or create derivative works of the Google TV Add-on or any part of the Google TV Add-on. Except to the extent required by applicable third party licenses, you may not load any part of the Google TV Add-on onto a mobile handset, television, or any other hardware device except a personal computer, combine any part of the Google TV Add-on with other software, or distribute any software or device incorporating a part of the Google TV Add-on.
2026-08-30T08:56:23.5535398Z 
2026-08-30T08:56:23.5569348Z 3.4 Use, reproduction and distribution of components of the Google TV Add-on licensed under an open source software license are governed solely by the terms of that open source software license and not this License Agreement.
2026-08-30T08:56:23.5571152Z 
2026-08-30T08:56:23.5573994Z 3.5 You agree that the form and nature of the Google TV Add-on that Google provides may change without prior notice to you and that future versions of the Google TV Add-on may be incompatible with applications developed on previous versions of the Google TV Add-on. You agree that Google may stop (permanently or temporarily) providing the Google TV Add-on (or any features within the Google TV Add-on) to you or to users generally at Google's sole discretion, without prior notice to you.
2026-08-30T08:56:23.5576980Z 
2026-08-30T08:56:23.5591810Z 3.6 Nothing in this License Agreement gives you a right to use any of Google's or itâs licensorsâ trade names, trademarks, service marks, logos, domain names, or other distinctive brand features.
2026-08-30T08:56:23.5593124Z 
2026-08-30T08:56:23.5598743Z 3.7 You agree that you will not remove, obscure, or alter any proprietary rights notices (including copyright and trademark notices) that may be affixed to or contained within the Google TV Add-on.
2026-08-30T08:56:23.5600065Z 
2026-08-30T08:56:23.5600253Z 4. Use of the Google TV Add-on by You
2026-08-30T08:56:23.5600581Z 
2026-08-30T08:56:23.5602210Z 4.1 Google agrees that it obtains no right, title or interest from you (or your licensors) under this License Agreement in or to any software applications that you develop using the Google TV Add-on, including any intellectual property rights that subsist in those applications.
2026-08-30T08:56:23.5604007Z 
2026-08-30T08:56:23.5606151Z 4.2 You agree to use the Google TV Add-on and write applications only for purposes that are permitted by (a) this License Agreement and (b) any applicable law, regulation or generally accepted practices or guidelines in the relevant jurisdictions (including any laws regarding the export of data or software to and from the United States or other relevant countries).
2026-08-30T08:56:23.5611266Z 
2026-08-30T08:56:23.5626976Z 4.3 You agree that if you use the Google TV Add-on to develop applications for general public users, you will protect the privacy and legal rights of those users. If the users provide you with user names, passwords, or other login information or personal information, your must make the users aware that the information will be available to your application, and you must provide legally adequate privacy notice and protection for those users. If your application stores personal or sensitive information provided by users, it must do so securely. If the user provides your application with Google Account information, your application may only use that information to access the user's Google Account when, and for the limited purposes for which, the user has given you explicit permission to do so.
2026-08-30T08:56:23.5632510Z 
2026-08-30T08:56:23.5634930Z 4.4 You agree that you will not engage in any activity with the Google TV Add-on, including the development or distribution of an application, that interferes with, disrupts, damages, or accesses in an unauthorized manner the servers, networks, or other properties or services of any third party including, but not limited to, Google, Multichannel Video Program Distributors or any mobile communications carrier.
2026-08-30T08:56:23.5637716Z 
2026-08-30T08:56:23.5639857Z 4.5 You agree that you are solely responsible for (and that Google has no responsibility to you or to any third party for) any data, content, or resources that you create, transmit or display through the Google TV platform and/or applications for the Google TV platform, and for the consequences of your actions (including any loss or damage which Google may suffer) by doing so.
2026-08-30T08:56:23.5642167Z 
2026-08-30T08:56:23.5644416Z 4.6 You agree that you are solely responsible for (and that Google has no responsibility to you or to any third party for) any breach of your obligations under this License Agreement, any applicable third party contract or Terms of Service, or any applicable law or regulation, and for the consequences (including any loss or damage which Google or any third party may suffer) of any such breach.
2026-08-30T08:56:23.5646743Z 
2026-08-30T08:56:23.5646911Z 5. Your Developer Credentials
2026-08-30T08:56:23.5650672Z 
2026-08-30T08:56:23.5652285Z 5.1 You agree that you are responsible for maintaining the confidentiality of any developer credentials that may be issued to you by Google or which you may choose yourself and that you will be solely responsible for all applications that are developed under your developer credentials.
2026-08-30T08:56:23.5654060Z 
2026-08-30T08:56:23.5654268Z 6. Privacy and Information
2026-08-30T08:56:23.5654543Z 
2026-08-30T08:56:23.5658049Z 6.1 In order to continually innovate and improve the Google TV Add-on, Google may collect certain usage statistics from the software including but not limited to a unique identifier, associated IP address, version number of the software, and information on which tools and/or services in the Google TV Add-on are being used and how they are being used. Before any of this information is collected, the Google TV Add-on will notify you and seek your consent. If you withhold consent, the information will not be collected.
2026-08-30T08:56:23.5661142Z 
2026-08-30T08:56:23.5661903Z 6.2 The data collected is examined in the aggregate to improve the Google TV Add-on and is maintained in accordance with Google's Privacy Policy.
2026-08-30T08:56:23.5662816Z 
2026-08-30T08:56:23.5663073Z 7. Third Party Applications for the Google TV Platform
2026-08-30T08:56:23.5663510Z 
2026-08-30T08:56:23.5667351Z 7.1 If you use the Google TV Add-on to run applications developed by a third party or that access data, content or resources provided by a third party, you agree that Google is not responsible for those applications, data, content, or resources. You understand that all data, content or resources which you may access through such third party applications are the sole responsibility of the person from which they originated and that Google is not liable for any loss or damage that you may experience as a result of the use or access of any of those third party applications, data, content, or resources.
2026-08-30T08:56:23.5671026Z 
2026-08-30T08:56:23.5673643Z 7.2 You should be aware the data, content, and resources presented to you through such a third party application may be protected by intellectual property rights which are owned by the providers (or by other persons or companies on their behalf). You may not modify, rent, lease, loan, sell, distribute or create derivative works based on these data, content, or resources (either in whole or in part) unless you have been specifically given permission to do so by the relevant owners.
2026-08-30T08:56:23.5676647Z 
2026-08-30T08:56:23.5678392Z 7.3 You acknowledge that your use of such third party applications, data, content, or resources may be subject to separate terms between you and the relevant third party. In that case, this License Agreement does not affect your legal relationship with these third parties.
2026-08-30T08:56:23.5680104Z 
2026-08-30T08:56:23.5680259Z 8. Using Google TV APIs
2026-08-30T08:56:23.5680492Z 
2026-08-30T08:56:23.5685343Z 8.1 If you use any Google TV API to retrieve data from Google, you acknowledge that the data (âGoogle TV API Contentâ) may be protected by intellectual property rights which are owned by Google or those parties that provide the data (or by other persons or companies on their behalf). Your use of any such API may be subject to additional Terms of Service. You may not modify, rent, lease, loan, sell, distribute or create derivative works based on this data (either in whole or in part) unless allowed by the relevant Terms of Service. Some portions of the Google TV API Content are licensed to Google by third parties, including but not limited to Tribune Media Services
2026-08-30T08:56:23.5689599Z 
2026-08-30T08:56:23.5690940Z 8.2 If you use any API to retrieve a user's data from Google, you acknowledge and agree that you shall retrieve data only with the user's explicit consent and only when, and for the limited purposes for which, the user has given you permission to do so.
2026-08-30T08:56:23.5692465Z 
2026-08-30T08:56:23.5692949Z 8.3 Except as explicitly permitted in Section 3 (Google TV Add-on License from Google), you must:
2026-08-30T08:56:23.5693630Z 
2026-08-30T08:56:23.5695424Z (a) not modify nor format the Google TV API Content except to the extent reasonably and technically necessary to optimize the display such Google TV API Content in your application;
2026-08-30T08:56:23.5696925Z 
2026-08-30T08:56:23.5698442Z (b) not edit the Google TV API Content in a manner that renders the Google TV API Content inaccurate of alters its inherent meaning (provided that displaying excerpts will not violate the foregoing); or
2026-08-30T08:56:23.5699743Z 
2026-08-30T08:56:23.5700245Z (c) not create any commercial audience measurement tool or service using the Google TV API Content
2026-08-30T08:56:23.5700909Z 
2026-08-30T08:56:23.5701092Z 9. Terminating this License Agreement
2026-08-30T08:56:23.5701404Z 
2026-08-30T08:56:23.5701949Z 9.1 This License Agreement will continue to apply until terminated by either you or Google as set out below.
2026-08-30T08:56:23.5702671Z 
2026-08-30T08:56:23.5703408Z 9.2 If you want to terminate this License Agreement, you may do so by ceasing your use of the Google TV Add-on and any relevant developer credentials.
2026-08-30T08:56:23.5704326Z 
2026-08-30T08:56:23.5704633Z 9.3 Google may at any time, terminate this License Agreement with you if:
2026-08-30T08:56:23.5705112Z 
2026-08-30T08:56:23.5705391Z (A) you have breached any provision of this License Agreement; or
2026-08-30T08:56:23.5705829Z 
2026-08-30T08:56:23.5706013Z (B) Google is required to do so by law; or
2026-08-30T08:56:23.5706336Z 
2026-08-30T08:56:23.5707592Z (C) the partner with whom Google offered certain parts of Google TV Add-on (such as APIs) to you has terminated its relationship with Google or ceased to offer certain parts of the Google TV Add-on to you; or
2026-08-30T08:56:23.5708871Z 
2026-08-30T08:56:23.5710723Z (D) Google decides to no longer providing the Google TV Add-on or certain parts of the Google TV Add-on to users in the country in which you are resident or from which you use the service, or the provision of the Google TV Add-on or certain Google TV Add-on services to you by Google is, in Google's sole discretion, no longer commercially viable.
2026-08-30T08:56:23.5713027Z 
2026-08-30T08:56:23.5715105Z 9.4 When this License Agreement comes to an end, all of the legal rights, obligations and liabilities that you and Google have benefited from, been subject to (or which have accrued over time whilst this License Agreement has been in force) or which are expressed to continue indefinitely, shall be unaffected by this cessation, and the provisions of paragraph 14.7 shall continue to apply to such rights, obligations and liabilities indefinitely.
2026-08-30T08:56:23.5716588Z 
2026-08-30T08:56:23.5716691Z 10. DISCLAIMER OF WARRANTIES
2026-08-30T08:56:23.5716855Z 
2026-08-30T08:56:23.5717961Z 10.1 YOU EXPRESSLY UNDERSTAND AND AGREE THAT YOUR USE OF THE GOOGLE TV ADD-ON IS AT YOUR SOLE RISK AND THAT THE GOOGLE TV ADD-ON IS PROVIDED "AS IS" AND "AS AVAILABLE" WITHOUT WARRANTY OF ANY KIND FROM GOOGLE.
2026-08-30T08:56:23.5718682Z 
2026-08-30T08:56:23.5719574Z 10.2 YOUR USE OF THE GOOGLE TV ADD-ON AND ANY MATERIAL DOWNLOADED OR OTHERWISE OBTAINED THROUGH THE USE OF THE GOOGLE TV ADD-ON IS AT YOUR OWN DISCRETION AND RISK AND YOU ARE SOLELY RESPONSIBLE FOR ANY DAMAGE TO YOUR COMPUTER SYSTEM OR OTHER DEVICE OR LOSS OF DATA THAT RESULTS FROM SUCH USE.
2026-08-30T08:56:23.5720554Z 
2026-08-30T08:56:23.5721376Z 10.3 GOOGLE FURTHER EXPRESSLY DISCLAIMS ALL WARRANTIES AND CONDITIONS OF ANY KIND, WHETHER EXPRESS OR IMPLIED, INCLUDING, BUT NOT LIMITED TO THE IMPLIED WARRANTIES AND CONDITIONS OF MERCHANTABILITY, FITNESS FOR A PARTICULAR PURPOSE AND NON-INFRINGEMENT.
2026-08-30T08:56:23.5722262Z 
2026-08-30T08:56:23.5722360Z 11. LIMITATION OF LIABILITY
2026-08-30T08:56:23.5722514Z 
2026-08-30T08:56:23.5723879Z 11.1 YOU EXPRESSLY UNDERSTAND AND AGREE THAT GOOGLE, ITS SUBSIDIARIES AND AFFILIATES, AND ITS LICENSORS SHALL NOT BE LIABLE TO YOU UNDER ANY THEORY OF LIABILITY FOR ANY DIRECT, INDIRECT, INCIDENTAL, SPECIAL CONSEQUENTIAL OR EXEMPLARY DAMAGES THAT MAY BE INCURRED BY YOU, INCLUDING ANY LOSS OF DATA, WHETHER OR NOT GOOGLE OR ITS REPRESENTATIVES HAVE BEEN ADVISED OF OR SHOULD HAVE BEEN AWARE OF THE POSSIBILITY OF ANY SUCH LOSSES ARISING.
2026-08-30T08:56:23.5725330Z 
2026-08-30T08:56:23.5725414Z 12. Indemnification
2026-08-30T08:56:23.5725536Z 
2026-08-30T08:56:23.5728211Z 12.1 To the maximum extent permitted by law, you agree to defend, indemnify and hold harmless Google, its affiliates and their respective directors, officers, employees and agents from and against any and all claims, actions, suits or proceedings, as well as any and all losses, liabilities, damages, costs and expenses (including reasonable attorneys fees) arising out of or accruing from (a) your use of the Google TV Add-on, (b) any application you develop on the Google TV Add-on that infringes any copyright, trademark, trade secret, trade dress, patent or other intellectual property right of any person or defames any person or violates their rights of publicity or privacy, and (c) any non-compliance by you with this License Agreement.
2026-08-30T08:56:23.5730702Z 
2026-08-30T08:56:23.5730808Z 13. Changes to the License Agreement
2026-08-30T08:56:23.5730991Z 
2026-08-30T08:56:23.5731328Z 13.1 Google may make changes to the License Agreement as it distributes new versions of the Google TV Add-on.
2026-08-30T08:56:23.5731725Z 
2026-08-30T08:56:23.5731814Z 14. General Legal Terms
2026-08-30T08:56:23.5731953Z 
2026-08-30T08:56:23.5732980Z 14.1 This License Agreement constitute the whole legal agreement between you and Google and govern your use of the Google TV Add-on (excluding any services which Google may provide to you under a separate written agreement), and completely replace any prior agreements between you and Google in relation to the Google TV Add-on.
2026-08-30T08:56:23.5734094Z 
2026-08-30T08:56:23.5735063Z 14.2 You agree that if Google does not exercise or enforce any legal right or remedy which is contained in this License Agreement (or which Google has the benefit of under any applicable law), this will not be taken to be a formal waiver of Google's rights and that those rights or remedies will still be available to Google.
2026-08-30T08:56:23.5736250Z 
2026-08-30T08:56:23.5737474Z 14.3 If any court of law, having the jurisdiction to decide on this matter, rules that any provision of this License Agreement is invalid, then that provision will be removed from this License Agreement without affecting the rest of this License Agreement. The remaining provisions of this License Agreement will continue to be valid and enforceable.
2026-08-30T08:56:23.5738644Z 
2026-08-30T08:56:23.5740559Z 14.4 You acknowledge and agree that Googleâs API data licensors and each member of the group of companies of which Google is the parent shall be third party beneficiaries to this License Agreement and that such other companies shall be entitled to directly enforce, and rely upon, any provision of this License Agreement that confers a benefit on (or rights in favor of) them. Other than this, no other person or company shall be third party beneficiaries to this License Agreement.
2026-08-30T08:56:23.5742158Z 
2026-08-30T08:56:23.5743062Z 14.5 EXPORT RESTRICTIONS. THE GOOGLE TV ADD-ON IS SUBJECT TO UNITED STATES EXPORT LAWS AND REGULATIONS. YOU MUST COMPLY WITH ALL DOMESTIC AND INTERNATIONAL EXPORT LAWS AND REGULATIONS THAT APPLY TO THE GOOGLE TV ADD-ON. THESE LAWS INCLUDE RESTRICTIONS ON DESTINATIONS, END USERS AND END USE.
2026-08-30T08:56:23.5744052Z 
2026-08-30T08:56:23.5745121Z 14.6 The rights granted in this License Agreement may not be assigned or transferred by either you or Google without the prior written approval of the other party. Neither you nor Google shall be permitted to delegate their responsibilities or obligations under this License Agreement without the prior written approval of the other party.
2026-08-30T08:56:23.5746279Z 
2026-08-30T08:56:23.5748161Z 14.7 This License Agreement, and your relationship with Google under this License Agreement, shall be governed by the laws of the State of California without regard to its conflict of laws provisions. You and Google agree to submit to the exclusive jurisdiction of the courts located within the county of Santa Clara, California to resolve any legal matter arising from this License Agreement. Notwithstanding this, you agree that Google shall still be allowed to apply for injunctive remedies (or an equivalent type of urgent legal relief) in any jurisdiction.
2026-08-30T08:56:23.5750209Z 
2026-08-30T08:56:23.5750214Z 
2026-08-30T08:56:23.5750302Z August 15, 2011
2026-08-30T08:56:23.5750510Z ---------------------------------------
2026-08-30T08:56:23.5750769Z Accept? (y/N): 
2026-08-30T08:56:23.5750995Z 2/6: License android-googlexr-license:
2026-08-30T08:56:23.5751262Z ---------------------------------------
2026-08-30T08:56:23.5752210Z To get started with the Android XR Emulator System Image SDK, you must agree to the following terms and conditions. As described below, please note that this is a preview, emulated version of the Android XR OS, subject to change, that you use at your own risk.
2026-08-30T08:56:23.5753100Z 
2026-08-30T08:56:23.5753271Z This is the Android XR Emulator System Image SDK License Agreement
2026-08-30T08:56:23.5753529Z 
2026-08-30T08:56:23.5753611Z 1. Introduction
2026-08-30T08:56:23.5753722Z 
2026-08-30T08:56:23.5755124Z 1.1 The Android Android XR Emulator System Image SDK (referred to in the License Agreement as the "SDK" and specifically including the Android system files,, packaged APIs, library files (if and when they are made available), and Google applications and APIs add-ons) is licensed to you subject to the terms of the License Agreement. The License Agreement forms a legally binding contract between you and Google in relation to your use of the SDK.
2026-08-30T08:56:23.5756599Z 
2026-08-30T08:56:23.5758155Z 1.2 "Android" means the Android software stack for devices, as made available under the Android Open Source Project, which is located at the following URL: https://source.android.com/, as updated from time to time.
2026-08-30T08:56:23.5759100Z 
2026-08-30T08:56:23.5759774Z 1.3 "Google" means Google LLC, organized under the laws of the State of Delaware, USA, and operating under the laws of the USA with principal place of business at 1600 Amphitheatre Parkway, Mountain View, CA 94043, USA.
2026-08-30T08:56:23.5760514Z 
2026-08-30T08:56:23.5760625Z 2. Accepting this License Agreement
2026-08-30T08:56:23.5760805Z 
2026-08-30T08:56:23.5761209Z 2.1 In order to use the SDK, you must first agree to the License Agreement. You may not use the SDK if you do not accept the License Agreement.
2026-08-30T08:56:23.5761697Z 
2026-08-30T08:56:23.5761976Z 2.2 By clicking to accept and/or using this SDK, you hereby agree to the terms of the License Agreement.
2026-08-30T08:56:23.5762353Z 
2026-08-30T08:56:23.5763098Z 2.3 You may not use the SDK and may not accept the License Agreement if you are a person barred from receiving the SDK under the laws of the United States or other countries, including the country in which you are resident or from which you use the SDK.
2026-08-30T08:56:23.5763948Z 
2026-08-30T08:56:23.5765116Z 2.4 If you are agreeing to be bound by the License Agreement on behalf of your employer or other entity, you represent and warrant that you have full legal authority to bind your employer or such entity to the License Agreement. If you do not have the requisite authority, you may not accept the License Agreement or use the SDK on behalf of your employer or other entity.
2026-08-30T08:56:23.5766324Z 
2026-08-30T08:56:23.5766416Z 3. SDK License from Google
2026-08-30T08:56:23.5766564Z 
2026-08-30T08:56:23.5767454Z 3.1 Subject to the terms of the License Agreement, Google grants you a limited, worldwide, royalty-free, non-assignable, non-exclusive, and non-sublicensable license to use the SDK solely to develop applications for Android XR.
2026-08-30T08:56:23.5769512Z 
2026-08-30T08:56:23.5770210Z 3.2 You may not use this SDK to develop applications for other platforms or to develop another SDK. You are of course free to develop applications for other platforms provided that this SDK is not used for that purpose.
2026-08-30T08:56:23.5770981Z 
2026-08-30T08:56:23.5772375Z 3.3 You agree that Google or third parties own all legal right, title and interest in and to the SDK, including any Intellectual Property Rights that subsist in the SDK. "Intellectual Property Rights" means any and all rights under patent law, copyright law, trade secret law, trademark law, and any and all other proprietary rights. Google reserves all rights not expressly granted to you.
2026-08-30T08:56:23.5773702Z 
2026-08-30T08:56:23.5775480Z 3.4 You may not use the SDK for any purpose not expressly permitted by the License Agreement. Except to the extent required by applicable third party licenses, you may not (a) copy (except for backup purposes), modify, adapt, redistribute, decompile, reverse engineer, disassemble, or create derivative works of the SDK or any part of the SDK; or (b) load any part of the SDK onto a mobile handset or any other hardware device except a personal computer, combine any part of the SDK with other software, or distribute any software or device incorporating a part of the SDK.
2026-08-30T08:56:23.5777580Z 
2026-08-30T08:56:23.5778896Z 3.5 Use, reproduction and distribution of components of the SDK licensed under an open source software license are governed solely by the terms of that open source software license and not the License Agreement. You agree to remain a licensee in good standing in regard to such open source software licenses under all the rights granted and to refrain from any actions that may terminate, suspend, or breach such rights.
2026-08-30T08:56:23.5780298Z 
2026-08-30T08:56:23.5781622Z 3.6 You agree that the form and nature of the SDK that Google provides may change without prior notice to you and that future versions of the SDK may be incompatible with applications developed on previous versions of the SDK. You agree that Google may stop (permanently or temporarily) providing the SDK (or any features within the SDK) to you or to users generally at Google's sole discretion, without prior notice to you.
2026-08-30T08:56:23.5783172Z 
2026-08-30T08:56:23.5783707Z 3.7 Nothing in the License Agreement gives you a right to use any of Google's trade names, trademarks, service marks, logos, domain names, or other distinctive brand features.
2026-08-30T08:56:23.5784305Z 
2026-08-30T08:56:23.5784867Z 3.8 You agree that you will not remove, obscure, or alter any proprietary rights notices (including copyright and trademark notices) that may be affixed to or contained within the SDK.
2026-08-30T08:56:23.5785528Z 
2026-08-30T08:56:23.5785619Z 4. Use of the SDK by You
2026-08-30T08:56:23.5785767Z 
2026-08-30T08:56:23.5786576Z 4.1 Google agrees that it obtains no right, title or interest from you (or your licensors) under the License Agreement in or to any software applications that you develop using the SDK, including any intellectual property rights that subsist in those applications.
2026-08-30T08:56:23.5787705Z 
2026-08-30T08:56:23.5788800Z 4.2 You agree to use the SDK and write applications only for purposes that are permitted by (a) the License Agreement and (b) any applicable law, regulation or generally accepted practices or guidelines in the relevant jurisdictions (including any laws regarding the export of data or software to and from the United States or other relevant countries).
2026-08-30T08:56:23.5790022Z 
2026-08-30T08:56:23.5792499Z 4.3 You agree that if you use the SDK to develop applications for general public users, you will protect the privacy and legal rights of those users. If the users provide you with user names, passwords, or other login information or personal information, you must make the users aware that the information will be available to your application, and you must provide legally adequate privacy notice and protection for those users. If your application stores personal or sensitive information provided by users, it must do so securely. If the user provides your application with Google Account information, your application may only use that information to access the user's Google Account when, and for the limited purposes for which, the user has given you permission to do so.
2026-08-30T08:56:23.5795132Z 
2026-08-30T08:56:23.5796367Z 4.4 You agree that you will not engage in any activity with the SDK, including the development or distribution of an application, that interferes with, disrupts, damages, or accesses in an unauthorized manner the servers, networks, or other properties or services of any third party including, but not limited to, Google or any mobile communications carrier.
2026-08-30T08:56:23.5798000Z 
2026-08-30T08:56:23.5799073Z 4.5 You agree that you are solely responsible for (and that Google has no responsibility to you or to any third party for) any data, content, or resources that you create, transmit or display through Android and/or applications for Android, and for the consequences of your actions (including any loss or damage which Google may suffer) by doing so.
2026-08-30T08:56:23.5800249Z 
2026-08-30T08:56:23.5801476Z 4.6 You agree that you are solely responsible for (and that Google has no responsibility to you or to any third party for) any breach of your obligations under the License Agreement, any applicable third party contract or Terms of Service, or any applicable law or regulation, and for the consequences (including any loss or damage which Google or any third party may suffer) of any such breach.
2026-08-30T08:56:23.5802788Z 
2026-08-30T08:56:23.5803694Z 4.7 The SDK is in development, and your testing and feedback are an important part of the development process. By using the SDK, you acknowledge that implementation of some features are still under development and that you should not rely on the SDK having the full functionality of a stable release.
2026-08-30T08:56:23.5804696Z 
2026-08-30T08:56:23.5804792Z 5. Your Developer Credentials
2026-08-30T08:56:23.5804953Z 
2026-08-30T08:56:23.5805833Z 5.1 You agree that you are responsible for maintaining the confidentiality of any developer credentials that may be issued to you by Google or which you may choose yourself and that you will be solely responsible for all applications that are developed under your developer credentials.
2026-08-30T08:56:23.5806936Z 
2026-08-30T08:56:23.5807266Z 6. Privacy and Information
2026-08-30T08:56:23.5807422Z 
2026-08-30T08:56:23.5808931Z 6.1 In order to continually innovate and improve the SDK, Google may collect certain usage statistics from the software including but not limited to a unique identifier, associated IP address, version number of the software, and information on which tools and/or services in the SDK are being used and how they are being used. Before any of this information is collected, the SDK will notify you and seek your consent. If you withhold consent, the information will not be collected.
2026-08-30T08:56:23.5810508Z 
2026-08-30T08:56:23.5811143Z 6.2 The data collected is examined in the aggregate to improve the SDK and is maintained in accordance with Google's Privacy Policy, which is located at the following URL: https://policies.google.com/privacy
2026-08-30T08:56:23.5811857Z 
2026-08-30T08:56:23.5812137Z 6.3 Anonymized and aggregated sets of the data may be shared with Google partners to improve the SDK.
2026-08-30T08:56:23.5812508Z 
2026-08-30T08:56:23.5812607Z 7. Third Party Applications
2026-08-30T08:56:23.5812763Z 
2026-08-30T08:56:23.5814661Z 7.1 If you use the SDK to run applications developed by a third party or that access data, content or resources provided by a third party, you agree that Google is not responsible for those applications, data, content, or resources. You understand that all data, content or resources which you may access through such third party applications are the sole responsibility of the person from which they originated and that Google is not liable for any loss or damage that you may experience as a result of the use or access of any of those third party applications, data, content, or resources.
2026-08-30T08:56:23.5816608Z 
2026-08-30T08:56:23.5818501Z 7.2 You should be aware that the data, content, and resources presented to you through such a third party application may be protected by intellectual property rights which are owned by the providers (or by other persons or companies on their behalf). You may not modify, rent, lease, loan, sell, distribute or create derivative works based on these data, content, or resources (either in whole or in part) unless you have been specifically given permission to do so by the relevant owners.
2026-08-30T08:56:23.5820126Z 
2026-08-30T08:56:23.5820957Z 7.3 You acknowledge that your use of such third party applications, data, content, or resources may be subject to separate terms between you and the relevant third party. In that case, the License Agreement does not affect your legal relationship with these third parties.
2026-08-30T08:56:23.5821908Z 
2026-08-30T08:56:23.5821994Z 8. Using Android APIs
2026-08-30T08:56:23.5822131Z 
2026-08-30T08:56:23.5822215Z 8.1 Google Data APIs
2026-08-30T08:56:23.5822340Z 
2026-08-30T08:56:23.5823878Z 8.1.1 If you use any API to retrieve data from Google, you acknowledge that the data may be protected by intellectual property rights which are owned by Google or those parties that provide the data (or by other persons or companies on their behalf). Your use of any such API may be subject to additional Terms of Service. You may not modify, rent, lease, loan, sell, distribute or create derivative works based on this data (either in whole or in part) unless allowed by the relevant Terms of Service.
2026-08-30T08:56:23.5825494Z 
2026-08-30T08:56:23.5828374Z 8.1.2 If you use any API to retrieve a user's data from Google, you acknowledge and agree that you shall retrieve data only with the user's explicit consent and only when, and for the limited purposes for which, the user has given you permission to do so. If you use the Android Recognition Service API, documented at the following URL: https://developer.android.com/reference/android/speech/RecognitionService, as updated from time to time, you acknowledge that the use of the API is subject to the Data Processing Addendum for Products where Google is a Data Processor, which is located at the following URL: https://privacy.google.com/businesses/gdprprocessorterms/, as updated from time to time. By clicking to accept, you hereby agree to the terms of the Data Processing Addendum for Products where Google is a Data Processor.
2026-08-30T08:56:23.5831243Z 
2026-08-30T08:56:23.5831354Z 9. Terminating this License Agreement
2026-08-30T08:56:23.5831538Z 
2026-08-30T08:56:23.5831840Z 9.1 The License Agreement will continue to apply until terminated by either you or Google as set out below.
2026-08-30T08:56:23.5832251Z 
2026-08-30T08:56:23.5832624Z 9.2 If you want to terminate the License Agreement, you may do so by ceasing your use of the SDK and any relevant developer credentials.
2026-08-30T08:56:23.5833094Z 
2026-08-30T08:56:23.5835074Z 9.3 Google may at any time, terminate the License Agreement with you if: (A) you have breached any provision of the License Agreement; or (B) Google is required to do so by law; or (C) the partner with whom Google offered certain parts of SDK (such as APIs) to you has terminated its relationship with Google or ceased to offer certain parts of the SDK to you; or (D) Google decides to no longer provide the SDK or certain parts of the SDK to users in the country in which you are resident or from which you use the service, or the provision of the SDK or certain SDK services to you by Google is, in Google's sole discretion, no longer commercially viable.
2026-08-30T08:56:23.5837337Z 
2026-08-30T08:56:23.5838722Z 9.4 When the License Agreement comes to an end, all of the legal rights, obligations and liabilities that you and Google have benefited from, been subject to (or which have accrued over time whilst the License Agreement has been in force) or which are expressed to continue indefinitely, shall be unaffected by this cessation, and the provisions of paragraph 14.7 shall continue to apply to such rights, obligations and liabilities indefinitely.
2026-08-30T08:56:23.5840198Z 
2026-08-30T08:56:23.5840296Z 10. DISCLAIMER OF WARRANTIES
2026-08-30T08:56:23.5840447Z 
2026-08-30T08:56:23.5840990Z 10.1 YOU EXPRESSLY UNDERSTAND AND AGREE THAT YOUR USE OF THE SDK IS AT YOUR SOLE RISK AND THAT THE SDK IS PROVIDED "AS IS" AND "AS AVAILABLE" WITHOUT WARRANTY OF ANY KIND FROM GOOGLE.
2026-08-30T08:56:23.5841590Z 
2026-08-30T08:56:23.5842511Z 10.2 YOUR USE OF THE SDK AND ANY MATERIAL DOWNLOADED OR OTHERWISE OBTAINED THROUGH THE USE OF THE SDK IS AT YOUR OWN DISCRETION AND RISK AND YOU ARE SOLELY RESPONSIBLE FOR ANY DAMAGE TO YOUR COMPUTER SYSTEM OR OTHER DEVICE OR LOSS OF DATA THAT RESULTS FROM SUCH USE.
2026-08-30T08:56:23.5843408Z 
2026-08-30T08:56:23.5844196Z 10.3 GOOGLE FURTHER EXPRESSLY DISCLAIMS ALL WARRANTIES AND CONDITIONS OF ANY KIND, WHETHER EXPRESS OR IMPLIED, INCLUDING, BUT NOT LIMITED TO THE IMPLIED WARRANTIES AND CONDITIONS OF MERCHANTABILITY, FITNESS FOR A PARTICULAR PURPOSE AND NON-INFRINGEMENT.
2026-08-30T08:56:23.5845086Z 
2026-08-30T08:56:23.5845183Z 11. LIMITATION OF LIABILITY
2026-08-30T08:56:23.5845331Z 
2026-08-30T08:56:23.5846706Z 11.1 YOU EXPRESSLY UNDERSTAND AND AGREE THAT GOOGLE, ITS SUBSIDIARIES AND AFFILIATES, AND ITS LICENSORS SHALL NOT BE LIABLE TO YOU UNDER ANY THEORY OF LIABILITY FOR ANY DIRECT, INDIRECT, INCIDENTAL, SPECIAL, CONSEQUENTIAL OR EXEMPLARY DAMAGES THAT MAY BE INCURRED BY YOU, INCLUDING ANY LOSS OF DATA, WHETHER OR NOT GOOGLE OR ITS REPRESENTATIVES HAVE BEEN ADVISED OF OR SHOULD HAVE BEEN AWARE OF THE POSSIBILITY OF ANY SUCH LOSSES ARISING.
2026-08-30T08:56:23.5848376Z 
2026-08-30T08:56:23.5848459Z 12. Indemnification
2026-08-30T08:56:23.5848588Z 
2026-08-30T08:56:23.5850855Z 12.1 To the maximum extent permitted by law, you agree to defend, indemnify and hold harmless Google, its affiliates and their respective directors, officers, employees and agents from and against any and all claims, actions, suits or proceedings, as well as any and all losses, liabilities, damages, costs and expenses (including reasonable attorneys fees) arising out of or accruing from (a) your use of the SDK, (b) any application you develop on the SDK that infringes any copyright, trademark, trade secret, trade dress, patent or other intellectual property right of any person or defames any person or violates their rights of publicity or privacy, and (c) any non-compliance by you with the License Agreement.
2026-08-30T08:56:23.5853369Z 
2026-08-30T08:56:23.5853476Z 13. Changes to the License Agreement
2026-08-30T08:56:23.5853649Z 
2026-08-30T08:56:23.5854371Z 13.1 Google may make changes to the License Agreement as it distributes new versions of the SDK. When these changes are made, Google will make a new version of the License Agreement available on the website where the SDK is made available.
2026-08-30T08:56:23.5855177Z 
2026-08-30T08:56:23.5855263Z 14. General Legal Terms
2026-08-30T08:56:23.5855408Z 
2026-08-30T08:56:23.5856637Z 14.1 The License Agreement constitutes the whole legal agreement between you and Google and governs your use of the SDK (excluding any services which Google may provide to you under a separate written agreement), and completely replaces any prior agreements between you and Google in relation to the SDK.
2026-08-30T08:56:23.5858806Z 
2026-08-30T08:56:23.5860555Z 14.2 You agree that if Google does not exercise or enforce any legal right or remedy which is contained in the License Agreement (or which Google has the benefit of under any applicable law), this will not be taken to be a formal waiver of Google's rights and that those rights or remedies will still be available to Google.
2026-08-30T08:56:23.5862331Z 
2026-08-30T08:56:23.5864131Z 14.3 If any court of law, having the jurisdiction to decide on this matter, rules that any provision of the License Agreement is invalid, then that provision will be removed from the License Agreement without affecting the rest of the License Agreement. The remaining provisions of the License Agreement will continue to be valid and enforceable.
2026-08-30T08:56:23.5866296Z 
2026-08-30T08:56:23.5869258Z 14.4 You acknowledge and agree that each member of the group of companies of which Google is the parent shall be third party beneficiaries to the License Agreement and that such other companies shall be entitled to directly enforce, and rely upon, any provision of the License Agreement that confers a benefit on (or rights in favor of) them. Other than this, no other person or company shall be third party beneficiaries to the License Agreement.
2026-08-30T08:56:23.5871985Z 
2026-08-30T08:56:23.5873386Z 14.5 EXPORT RESTRICTIONS. THE SDK IS SUBJECT TO UNITED STATES EXPORT LAWS AND REGULATIONS. YOU MUST COMPLY WITH ALL DOMESTIC AND INTERNATIONAL EXPORT LAWS AND REGULATIONS THAT APPLY TO THE SDK. THESE LAWS INCLUDE RESTRICTIONS ON DESTINATIONS, END USERS AND END USE.
2026-08-30T08:56:23.5874864Z 
2026-08-30T08:56:23.5876673Z 14.6 The rights granted in the License Agreement may not be assigned or transferred by either you or Google without the prior written approval of the other party. Neither you nor Google shall be permitted to delegate their responsibilities or obligations under the License Agreement without the prior written approval of the other party.
2026-08-30T08:56:23.5879835Z 
2026-08-30T08:56:23.5882957Z 14.7 The License Agreement, and your relationship with Google under the License Agreement, shall be governed by the laws of the State of California without regard to its conflict of laws provisions. You and Google agree to submit to the exclusive jurisdiction of the courts located within the county of Santa Clara, California to resolve any legal matter arising from the License Agreement. Notwithstanding this, you agree that Google shall still be allowed to apply for injunctive remedies (or an equivalent type of urgent legal relief) in any jurisdiction.
2026-08-30T08:56:23.5886495Z ---------------------------------------
2026-08-30T08:56:23.5887345Z Accept? (y/N): 
2026-08-30T08:56:23.5887726Z 3/6: License android-sdk-arm-dbt-license:
2026-08-30T08:56:23.5888196Z ---------------------------------------
2026-08-30T08:56:23.5888453Z Terms and Conditions
2026-08-30T08:56:23.5888584Z 
2026-08-30T08:56:23.5888759Z This is the Android Software Development Kit License Agreement
2026-08-30T08:56:23.5889014Z 
2026-08-30T08:56:23.5889098Z 1. Introduction
2026-08-30T08:56:23.5889213Z 
2026-08-30T08:56:23.5890354Z 1.1 The Android Software Development Kit (referred to in the License Agreement as the "SDK" and specifically including the Android system files, packaged APIs, and Google APIs add-ons) is licensed to you subject to the terms of the License Agreement. The License Agreement forms a legally binding contract between you and Google in relation to your use of the SDK.
2026-08-30T08:56:23.5891571Z 
2026-08-30T08:56:23.5892215Z 1.2 "Android" means the Android software stack for devices, as made available under the Android Open Source Project, which is located at the following URL: http://source.android.com/, as updated from time to time.
2026-08-30T08:56:23.5892959Z 
2026-08-30T08:56:23.5894042Z 1.3 A "compatible implementation" means any Android device that (i) complies with the Android Compatibility Definition document, which can be found at the Android compatibility website (http://source.android.com/compatibility) and which may be updated from time to time; and (ii) successfully passes the Android Compatibility Test Suite (CTS).
2026-08-30T08:56:23.5895209Z 
2026-08-30T08:56:23.5895679Z 1.4 "Google" means Google Inc., a Delaware corporation with principal place of business at 1600 Amphitheatre Parkway, Mountain View, CA 94043, United States.
2026-08-30T08:56:23.5896236Z 
2026-08-30T08:56:23.5896240Z 
2026-08-30T08:56:23.5896339Z 2. Accepting the License Agreement
2026-08-30T08:56:23.5896510Z 
2026-08-30T08:56:23.5896899Z 2.1 In order to use the SDK, you must first agree to the License Agreement. You may not use the SDK if you do not accept the License Agreement.
2026-08-30T08:56:23.5897796Z 
2026-08-30T08:56:23.5898015Z 2.2 By clicking to accept, you hereby agree to the terms of the License Agreement.
2026-08-30T08:56:23.5898326Z 
2026-08-30T08:56:23.5899370Z 2.3 You may not use the SDK and may not accept the License Agreement if you are a person barred from receiving the SDK under the laws of the United States or other countries, including the country in which you are resident or from which you use the SDK.
2026-08-30T08:56:23.5900219Z 
2026-08-30T08:56:23.5901487Z 2.4 If you are agreeing to be bound by the License Agreement on behalf of your employer or other entity, you represent and warrant that you have full legal authority to bind your employer or such entity to the License Agreement. If you do not have the requisite authority, you may not accept the License Agreement or use the SDK on behalf of your employer or other entity.
2026-08-30T08:56:23.5902699Z 
2026-08-30T08:56:23.5902703Z 
2026-08-30T08:56:23.5902808Z 3. SDK License from Google
2026-08-30T08:56:23.5902954Z 
2026-08-30T08:56:23.5904273Z 3.1 Subject to the terms of the License Agreement, Google grants you a limited, worldwide, royalty-free, non-assignable, non-exclusive, and non-sublicensable license to use the SDK solely to develop applications for compatible implementations of Android.
2026-08-30T08:56:23.5905919Z 
2026-08-30T08:56:23.5908266Z 3.2 You may not use this SDK to develop applications for other platforms (including non-compatible implementations of Android) or to develop another SDK. You are of course free to develop applications for other platforms, including non-compatible implementations of Android, provided that this SDK is not used for that purpose.
2026-08-30T08:56:23.5909816Z 
2026-08-30T08:56:23.5911053Z 3.3 You agree that Google or third parties own all legal right, title and interest in and to the SDK, including any Intellectual Property Rights that subsist in the SDK. "Intellectual Property Rights" means any and all rights under patent law, copyright law, trade secret law, trademark law, and any and all other proprietary rights. Google reserves all rights not expressly granted to you.
2026-08-30T08:56:23.5912587Z 
2026-08-30T08:56:23.5913650Z 3.4 You may not use the SDK for any purpose not expressly permitted by the License Agreement. Except to the extent required by applicable third party licenses, you may not copy (except for backup purposes), modify, adapt, redistribute, decompile, reverse engineer, disassemble, or create derivative works of the SDK or any part of the SDK.
2026-08-30T08:56:23.5914807Z 
2026-08-30T08:56:23.5915445Z 3.5 Use, reproduction and distribution of components of the SDK licensed under an open source software license are governed solely by the terms of that open source software license and not the License Agreement.
2026-08-30T08:56:23.5916171Z 
2026-08-30T08:56:23.5917833Z 3.6 You agree that the form and nature of the SDK that Google provides may change without prior notice to you and that future versions of the SDK may be incompatible with applications developed on previous versions of the SDK. You agree that Google may stop (permanently or temporarily) providing the SDK (or any features within the SDK) to you or to users generally at Google's sole discretion, without prior notice to you.
2026-08-30T08:56:23.5919237Z 
2026-08-30T08:56:23.5919750Z 3.7 Nothing in the License Agreement gives you a right to use any of Google's trade names, trademarks, service marks, logos, domain names, or other distinctive brand features.
2026-08-30T08:56:23.5920351Z 
2026-08-30T08:56:23.5920906Z 3.8 You agree that you will not remove, obscure, or alter any proprietary rights notices (including copyright and trademark notices) that may be affixed to or contained within the SDK.
2026-08-30T08:56:23.5921557Z 
2026-08-30T08:56:23.5921561Z 
2026-08-30T08:56:23.5921648Z 4. Use of the SDK by You
2026-08-30T08:56:23.5921795Z 
2026-08-30T08:56:23.5922605Z 4.1 Google agrees that it obtains no right, title or interest from you (or your licensors) under the License Agreement in or to any software applications that you develop using the SDK, including any intellectual property rights that subsist in those applications.
2026-08-30T08:56:23.5923496Z 
2026-08-30T08:56:23.5924591Z 4.2 You agree to use the SDK and write applications only for purposes that are permitted by (a) the License Agreement and (b) any applicable law, regulation or generally accepted practices or guidelines in the relevant jurisdictions (including any laws regarding the export of data or software to and from the United States or other relevant countries).
2026-08-30T08:56:23.5925908Z 
2026-08-30T08:56:23.5928755Z 4.3 You agree that if you use the SDK to develop applications for general public users, you will protect the privacy and legal rights of those users. If the users provide you with user names, passwords, or other login information or personal information, you must make the users aware that the information will be available to your application, and you must provide legally adequate privacy notice and protection for those users. If your application stores personal or sensitive information provided by users, it must do so securely. If the user provides your application with Google Account information, your application may only use that information to access the user's Google Account when, and for the limited purposes for which, the user has given you permission to do so.
2026-08-30T08:56:23.5931333Z 
2026-08-30T08:56:23.5932444Z 4.4 You agree that you will not engage in any activity with the SDK, including the development or distribution of an application, that interferes with, disrupts, damages, or accesses in an unauthorized manner the servers, networks, or other properties or services of any third party including, but not limited to, Google or any mobile communications carrier.
2026-08-30T08:56:23.5933647Z 
2026-08-30T08:56:23.5934703Z 4.5 You agree that you are solely responsible for (and that Google has no responsibility to you or to any third party for) any data, content, or resources that you create, transmit or display through Android and/or applications for Android, and for the consequences of your actions (including any loss or damage which Google may suffer) by doing so.
2026-08-30T08:56:23.5936015Z 
2026-08-30T08:56:23.5937465Z 4.6 You agree that you are solely responsible for (and that Google has no responsibility to you or to any third party for) any breach of your obligations under the License Agreement, any applicable third party contract or Terms of Service, or any applicable law or regulation, and for the consequences (including any loss or damage which Google or any third party may suffer) of any such breach.
2026-08-30T08:56:23.5938777Z 
2026-08-30T08:56:23.5940285Z 4.7 This software enables the execution of intellectual property owned by Arm Limited. You agree that your use of the software, that allows execution of ARM Instruction Set Architecture (âISAâ) compliant executables for application development and debug only on x86 desktop, laptop, customer on-premise servers, and customer-procured cloud-based environments.
2026-08-30T08:56:23.5941534Z 
2026-08-30T08:56:23.5941633Z 5. Your Developer Credentials
2026-08-30T08:56:23.5941807Z 
2026-08-30T08:56:23.5942684Z 5.1 You agree that you are responsible for maintaining the confidentiality of any developer credentials that may be issued to you by Google or which you may choose yourself and that you will be solely responsible for all applications that are developed under your developer credentials.
2026-08-30T08:56:23.5943649Z 
2026-08-30T08:56:23.5943744Z 6. Privacy and Information
2026-08-30T08:56:23.5943905Z 
2026-08-30T08:56:23.5945397Z 6.1 In order to continually innovate and improve the SDK, Google may collect certain usage statistics from the software including but not limited to a unique identifier, associated IP address, version number of the software, and information on which tools and/or services in the SDK are being used and how they are being used. Before any of this information is collected, the SDK will notify you and seek your consent. If you withhold consent, the information will not be collected.
2026-08-30T08:56:23.5947215Z 
2026-08-30T08:56:23.5947630Z 6.2 The data collected is examined in the aggregate to improve the SDK and is maintained in accordance with Google's Privacy Policy.
2026-08-30T08:56:23.5948107Z 
2026-08-30T08:56:23.5948112Z 
2026-08-30T08:56:23.5948211Z 7. Third Party Applications
2026-08-30T08:56:23.5948364Z 
2026-08-30T08:56:23.5950367Z 7.1 If you use the SDK to run applications developed by a third party or that access data, content or resources provided by a third party, you agree that Google is not responsible for those applications, data, content, or resources. You understand that all data, content or resources which you may access through such third party applications are the sole responsibility of the person from which they originated and that Google is not liable for any loss or damage that you may experience as a result of the use or access of any of those third party applications, data, content, or resources.
2026-08-30T08:56:23.5952325Z 
2026-08-30T08:56:23.5953839Z 7.2 You should be aware the data, content, and resources presented to you through such a third party application may be protected by intellectual property rights which are owned by the providers (or by other persons or companies on their behalf). You may not modify, rent, lease, loan, sell, distribute or create derivative works based on these data, content, or resources (either in whole or in part) unless you have been specifically given permission to do so by the relevant owners.
2026-08-30T08:56:23.5955429Z 
2026-08-30T08:56:23.5956251Z 7.3 You acknowledge that your use of such third party applications, data, content, or resources may be subject to separate terms between you and the relevant third party. In that case, the License Agreement does not affect your legal relationship with these third parties.
2026-08-30T08:56:23.5957378Z 
2026-08-30T08:56:23.5957383Z 
2026-08-30T08:56:23.5957470Z 8. Using Android APIs
2026-08-30T08:56:23.5957607Z 
2026-08-30T08:56:23.5957690Z 8.1 Google Data APIs
2026-08-30T08:56:23.5957818Z 
2026-08-30T08:56:23.5959741Z 8.1.1 If you use any API to retrieve data from Google, you acknowledge that the data may be protected by intellectual property rights which are owned by Google or those parties that provide the data (or by other persons or companies on their behalf). Your use of any such API may be subject to additional Terms of Service. You may not modify, rent, lease, loan, sell, distribute or create derivative works based on this data (either in whole or in part) unless allowed by the relevant Terms of Service.
2026-08-30T08:56:23.5961980Z 
2026-08-30T08:56:23.5964647Z 8.1.2 If you use any API to retrieve a user's data from Google, you acknowledge and agree that you shall retrieve data only with the user's explicit consent and only when, and for the limited purposes for which, the user has given you permission to do so. If you use the Android Recognition Service API, documented at the following URL: https://developer.android.com/reference/android/speech/RecognitionService, as updated from time to time, you acknowledge that the use of the API is subject to the Data Processing Addendum for Products where Google is a Data Processor, which is located at the following URL: https://privacy.google.com/businesses/gdprprocessorterms/, as updated from time to time. By clicking to accept, you hereby agree to the terms of the Data Processing Addendum for Products where Google is a Data Processor.
2026-08-30T08:56:23.5967822Z 
2026-08-30T08:56:23.5967827Z 
2026-08-30T08:56:23.5967947Z 9. Terminating the License Agreement
2026-08-30T08:56:23.5968132Z 
2026-08-30T08:56:23.5968457Z 9.1 The License Agreement will continue to apply until terminated by either you or Google as set out below.
2026-08-30T08:56:23.5968859Z 
2026-08-30T08:56:23.5969230Z 9.2 If you want to terminate the License Agreement, you may do so by ceasing your use of the SDK and any relevant developer credentials.
2026-08-30T08:56:23.5969699Z 
2026-08-30T08:56:23.5971948Z 9.3 Google may at any time, terminate the License Agreement with you if: (A) you have breached any provision of the License Agreement; or (B) Google is required to do so by law; or (C) the partner with whom Google offered certain parts of SDK (such as APIs) to you has terminated its relationship with Google or ceased to offer certain parts of the SDK to you; or (D) Google decides to no longer provide the SDK or certain parts of the SDK to users in the country in which you are resident or from which you use the service, or the provision of the SDK or certain SDK services to you by Google is, in Google's sole discretion, no longer commercially viable.
2026-08-30T08:56:23.5975021Z 
2026-08-30T08:56:23.5976442Z 9.4 When the License Agreement comes to an end, all of the legal rights, obligations and liabilities that you and Google have benefited from, been subject to (or which have accrued over time whilst the License Agreement has been in force) or which are expressed to continue indefinitely, shall be unaffected by this cessation, and the provisions of paragraph 14.7 shall continue to apply to such rights, obligations and liabilities indefinitely.
2026-08-30T08:56:23.5978205Z 
2026-08-30T08:56:23.5978213Z 
2026-08-30T08:56:23.5978311Z 10. DISCLAIMER OF WARRANTIES
2026-08-30T08:56:23.5978476Z 
2026-08-30T08:56:23.5978998Z 10.1 YOU EXPRESSLY UNDERSTAND AND AGREE THAT YOUR USE OF THE SDK IS AT YOUR SOLE RISK AND THAT THE SDK IS PROVIDED "AS IS" AND "AS AVAILABLE" WITHOUT WARRANTY OF ANY KIND FROM GOOGLE.
2026-08-30T08:56:23.5979597Z 
2026-08-30T08:56:23.5980393Z 10.2 YOUR USE OF THE SDK AND ANY MATERIAL DOWNLOADED OR OTHERWISE OBTAINED THROUGH THE USE OF THE SDK IS AT YOUR OWN DISCRETION AND RISK AND YOU ARE SOLELY RESPONSIBLE FOR ANY DAMAGE TO YOUR COMPUTER SYSTEM OR OTHER DEVICE OR LOSS OF DATA THAT RESULTS FROM SUCH USE.
2026-08-30T08:56:23.5981275Z 
2026-08-30T08:56:23.5982124Z 10.3 GOOGLE FURTHER EXPRESSLY DISCLAIMS ALL WARRANTIES AND CONDITIONS OF ANY KIND, WHETHER EXPRESS OR IMPLIED, INCLUDING, BUT NOT LIMITED TO THE IMPLIED WARRANTIES AND CONDITIONS OF MERCHANTABILITY, FITNESS FOR A PARTICULAR PURPOSE AND NON-INFRINGEMENT.
2026-08-30T08:56:23.5983473Z 
2026-08-30T08:56:23.5983483Z 
2026-08-30T08:56:23.5983654Z 11. LIMITATION OF LIABILITY
2026-08-30T08:56:23.5983914Z 
2026-08-30T08:56:23.5985645Z 11.1 YOU EXPRESSLY UNDERSTAND AND AGREE THAT GOOGLE, ITS SUBSIDIARIES AND AFFILIATES, AND ITS LICENSORS SHALL NOT BE LIABLE TO YOU UNDER ANY THEORY OF LIABILITY FOR ANY DIRECT, INDIRECT, INCIDENTAL, SPECIAL, CONSEQUENTIAL OR EXEMPLARY DAMAGES THAT MAY BE INCURRED BY YOU, INCLUDING ANY LOSS OF DATA, WHETHER OR NOT GOOGLE OR ITS REPRESENTATIVES HAVE BEEN ADVISED OF OR SHOULD HAVE BEEN AWARE OF THE POSSIBILITY OF ANY SUCH LOSSES ARISING.
2026-08-30T08:56:23.5987599Z 
2026-08-30T08:56:23.5987606Z 
2026-08-30T08:56:23.5987753Z 12. Indemnification
2026-08-30T08:56:23.5987980Z 
2026-08-30T08:56:23.5992209Z 12.1 To the maximum extent permitted by law, you agree to defend, indemnify and hold harmless Google, its affiliates and their respective directors, officers, employees and agents from and against any and all claims, actions, suits or proceedings, as well as any and all losses, liabilities, damages, costs and expenses (including reasonable attorneys fees) arising out of or accruing from (a) your use of the SDK, (b) any application you develop on the SDK that infringes any copyright, trademark, trade secret, trade dress, patent or other intellectual property right of any person or defames any person or violates their rights of publicity or privacy, and (c) any non-compliance by you with the License Agreement.
2026-08-30T08:56:23.5996454Z 
2026-08-30T08:56:23.5996461Z 
2026-08-30T08:56:23.5996640Z 13. Changes to the License Agreement
2026-08-30T08:56:23.5996960Z 
2026-08-30T08:56:23.5998511Z 13.1 Google may make changes to the License Agreement as it distributes new versions of the SDK. When these changes are made, Google will make a new version of the License Agreement available on the website where the SDK is made available.
2026-08-30T08:56:23.5999981Z 
2026-08-30T08:56:23.5999988Z 
2026-08-30T08:56:23.6000145Z 14. General Legal Terms
2026-08-30T08:56:23.6000411Z 
2026-08-30T08:56:23.6002146Z 14.1 The License Agreement constitutes the whole legal agreement between you and Google and governs your use of the SDK (excluding any services which Google may provide to you under a separate written agreement), and completely replaces any prior agreements between you and Google in relation to the SDK.
2026-08-30T08:56:23.6004055Z 
2026-08-30T08:56:23.6005994Z 14.2 You agree that if Google does not exercise or enforce any legal right or remedy which is contained in the License Agreement (or which Google has the benefit of under any applicable law), this will not be taken to be a formal waiver of Google's rights and that those rights or remedies will still be available to Google.
2026-08-30T08:56:23.6007867Z 
2026-08-30T08:56:23.6008957Z 14.3 If any court of law, having the jurisdiction to decide on this matter, rules that any provision of the License Agreement is invalid, then that provision will be removed from the License Agreement without affecting the rest of the License Agreement. The remaining provisions of the License Agreement will continue to be valid and enforceable.
2026-08-30T08:56:23.6010141Z 
2026-08-30T08:56:23.6011533Z 14.4 You acknowledge and agree that each member of the group of companies of which Google is the parent shall be third party beneficiaries to the License Agreement and that such other companies shall be entitled to directly enforce, and rely upon, any provision of the License Agreement that confers a benefit on (or rights in favor of) them. Other than this, no other person or company shall be third party beneficiaries to the License Agreement.
2026-08-30T08:56:23.6012998Z 
2026-08-30T08:56:23.6013807Z 14.5 EXPORT RESTRICTIONS. THE SDK IS SUBJECT TO UNITED STATES EXPORT LAWS AND REGULATIONS. YOU MUST COMPLY WITH ALL DOMESTIC AND INTERNATIONAL EXPORT LAWS AND REGULATIONS THAT APPLY TO THE SDK. THESE LAWS INCLUDE RESTRICTIONS ON DESTINATIONS, END USERS AND END USE.
2026-08-30T08:56:23.6014708Z 
2026-08-30T08:56:23.6015772Z 14.6 The rights granted in the License Agreement may not be assigned or transferred by either you or Google without the prior written approval of the other party. Neither you nor Google shall be permitted to delegate their responsibilities or obligations under the License Agreement without the prior written approval of the other party.
2026-08-30T08:56:23.6017355Z 
2026-08-30T08:56:23.6019129Z 14.7 The License Agreement, and your relationship with Google under the License Agreement, shall be governed by the laws of the State of California without regard to its conflict of laws provisions. You and Google agree to submit to the exclusive jurisdiction of the courts located within the county of Santa Clara, California to resolve any legal matter arising from the License Agreement. Notwithstanding this, you agree that Google shall still be allowed to apply for injunctive remedies (or an equivalent type of urgent legal relief) in any jurisdiction.
2026-08-30T08:56:23.6020982Z 
2026-08-30T08:56:23.6020985Z 
2026-08-30T08:56:23.6021072Z January 16, 2019
2026-08-30T08:56:23.6021285Z ---------------------------------------
2026-08-30T08:56:23.6021551Z Accept? (y/N): 
2026-08-30T08:56:23.6021782Z 4/6: License android-sdk-preview-license:
2026-08-30T08:56:23.6022063Z ---------------------------------------
2026-08-30T08:56:23.6023429Z To get started with the Android SDK Preview, you must agree to the following terms and conditions. As described below, please note that this is a preview version of the Android SDK, subject to change, that you use at your own risk. The Android SDK Preview is not a stable release, and may contain errors and defects that can result in serious damage to your computer systems, devices and data.
2026-08-30T08:56:23.6024713Z 
2026-08-30T08:56:23.6024911Z This is the Android SDK Preview License Agreement (the "License Agreement").
2026-08-30T08:56:23.6025212Z 
2026-08-30T08:56:23.6025289Z 1. Introduction
2026-08-30T08:56:23.6025410Z 
2026-08-30T08:56:23.6027193Z 1.1 The Android SDK Preview (referred to in the License Agreement as the âPreviewâ and specifically including the Android system files, packaged APIs, and Preview library files, if and when they are made available) is licensed to you subject to the terms of the License Agreement. The License Agreement forms a legally binding contract between you and Google in relation to your use of the Preview.
2026-08-30T08:56:23.6028643Z 
2026-08-30T08:56:23.6029455Z 1.2 "Android" means the Android software stack for devices, as made available under the Android Open Source Project, which is located at the following URL: http://source.android.com/, as updated from time to time.
2026-08-30T08:56:23.6030208Z 
2026-08-30T08:56:23.6030670Z 1.3 "Google" means Google Inc., a Delaware corporation with principal place of business at 1600 Amphitheatre Parkway, Mountain View, CA 94043, United States.
2026-08-30T08:56:23.6031228Z 
2026-08-30T08:56:23.6031327Z 2. Accepting the License Agreement
2026-08-30T08:56:23.6031501Z 
2026-08-30T08:56:23.6032113Z 2.1 In order to use the Preview, you must first agree to the License Agreement. You may not use the Preview if you do not accept the License Agreement.
2026-08-30T08:56:23.6033056Z 
2026-08-30T08:56:23.6033538Z 2.2 By clicking to accept and/or using the Preview, you hereby agree to the terms of the License Agreement.
2026-08-30T08:56:23.6034176Z 
2026-08-30T08:56:23.6035625Z 2.3 You may not use the Preview and may not accept the License Agreement if you are a person barred from receiving the Preview under the laws of the United States or other countries including the country in which you are resident or from which you use the Preview.
2026-08-30T08:56:23.6037447Z 
2026-08-30T08:56:23.6040094Z 2.4 If you will use the Preview internally within your company or organization you agree to be bound by the License Agreement on behalf of your employer or other entity, and you represent and warrant that you have full legal authority to bind your employer or such entity to the License Agreement. If you do not have the requisite authority, you may not accept the License Agreement or use the Preview on behalf of your employer or other entity.
2026-08-30T08:56:23.6042951Z 
2026-08-30T08:56:23.6043116Z 3. Preview License from Google
2026-08-30T08:56:23.6043410Z 
2026-08-30T08:56:23.6045179Z 3.1 Subject to the terms of the License Agreement, Google grants you a royalty-free, non-assignable, non-exclusive, non-sublicensable, limited, revocable license to use the Preview, personally or internally within your company or organization, solely to develop applications to run on the Android platform.
2026-08-30T08:56:23.6047377Z 
2026-08-30T08:56:23.6049877Z 3.2 You agree that Google or third parties owns all legal right, title and interest in and to the Preview, including any Intellectual Property Rights that subsist in the Preview. "Intellectual Property Rights" means any and all rights under patent law, copyright law, trade secret law, trademark law, and any and all other proprietary rights. Google reserves all rights not expressly granted to you.
2026-08-30T08:56:23.6052570Z 
2026-08-30T08:56:23.6056322Z 3.3 You may not use the Preview for any purpose not expressly permitted by the License Agreement. Except to the extent required by applicable third party licenses, you may not: (a) copy (except for backup purposes), modify, adapt, redistribute, decompile, reverse engineer, disassemble, or create derivative works of the Preview or any part of the Preview; or (b) load any part of the Preview onto a mobile handset or any other hardware device except a personal computer, combine any part of the Preview with other software, or distribute any software or device incorporating a part of the Preview.
2026-08-30T08:56:23.6060370Z 
2026-08-30T08:56:23.6061934Z 3.4 You agree that you will not take any actions that may cause or result in the fragmentation of Android, including but not limited to distributing, participating in the creation of, or promoting in any way a software development kit derived from the Preview.
2026-08-30T08:56:23.6063565Z 
2026-08-30T08:56:23.6066197Z 3.5 Use, reproduction and distribution of components of the Preview licensed under an open source software license are governed solely by the terms of that open source software license and not the License Agreement. You agree to remain a licensee in good standing in regard to such open source software licenses under all the rights granted and to refrain from any actions that may terminate, suspend, or breach such rights.
2026-08-30T08:56:23.6069250Z 
2026-08-30T08:56:23.6071919Z 3.6 You agree that the form and nature of the Preview that Google provides may change without prior notice to you and that future versions of the Preview may be incompatible with applications developed on previous versions of the Preview. You agree that Google may stop (permanently or temporarily) providing the Preview (or any features within the Preview) to you or to users generally at Google's sole discretion, without prior notice to you.
2026-08-30T08:56:23.6074582Z 
2026-08-30T08:56:23.6075482Z 3.7 Nothing in the License Agreement gives you a right to use any of Google's trade names, trademarks, service marks, logos, domain names, or other distinctive brand features.
2026-08-30T08:56:23.6076548Z 
2026-08-30T08:56:23.6077709Z 3.8 You agree that you will not remove, obscure, or alter any proprietary rights notices (including copyright and trademark notices) that may be affixed to or contained within the Preview.
2026-08-30T08:56:23.6078875Z 
2026-08-30T08:56:23.6079030Z 4. Use of the Preview by You
2026-08-30T08:56:23.6079293Z 
2026-08-30T08:56:23.6080997Z 4.1 Google agrees that nothing in the License Agreement gives Google any right, title or interest from you (or your licensors) under the License Agreement in or to any software applications that you develop using the Preview, including any intellectual property rights that subsist in those applications.
2026-08-30T08:56:23.6082849Z 
2026-08-30T08:56:23.6084862Z 4.2 You agree to use the Preview and write applications only for purposes that are permitted by (a) the License Agreement, and (b) any applicable law, regulation or generally accepted practices or guidelines in the relevant jurisdictions (including any laws regarding the export of data or software to and from the United States or other relevant countries).
2026-08-30T08:56:23.6087353Z 
2026-08-30T08:56:23.6091604Z 4.3 You agree that if you use the Preview to develop applications, you will protect the privacy and legal rights of users. If users provide you with user names, passwords, or other login information or personal information, you must make the users aware that the information will be available to your application, and you must provide legally adequate privacy notice and protection for those users. If your application stores personal or sensitive information provided by users, it must do so securely. If users provide you with Google Account information, your application may only use that information to access the user's Google Account when, and for the limited purposes for which, each user has given you permission to do so.
2026-08-30T08:56:23.6095939Z 
2026-08-30T08:56:23.6097800Z 4.4 You agree that you will not engage in any activity with the Preview, including the development or distribution of an application, that interferes with, disrupts, damages, or accesses in an unauthorized manner the servers, networks, or other properties or services of Google or any third party.
2026-08-30T08:56:23.6099592Z 
2026-08-30T08:56:23.6101500Z 4.5 You agree that you are solely responsible for (and that Google has no responsibility to you or to any third party for) any data, content, or resources that you create, transmit or display through Android and/or applications for Android, and for the consequences of your actions (including any loss or damage which Google may suffer) by doing so.
2026-08-30T08:56:23.6103686Z 
2026-08-30T08:56:23.6105892Z 4.6 You agree that you are solely responsible for (and that Google has no responsibility to you or to any third party for) any breach of your obligations under the License Agreement, any applicable third party contract or Terms of Service, or any applicable law or regulation, and for the consequences (including any loss or damage which Google or any third party may suffer) of any such breach.
2026-08-30T08:56:23.6108457Z 
2026-08-30T08:56:23.6111354Z 4.7 The Preview is in development, and your testing and feedback are an important part of the development process. By using the Preview, you acknowledge that implementation of some features are still under development and that you should not rely on the Preview having the full functionality of a stable release. You agree not to publicly distribute or ship any application using this Preview as this Preview will no longer be supported after the official Android SDK is released.
2026-08-30T08:56:23.6114567Z 
2026-08-30T08:56:23.6114811Z 5. Your Developer Credentials
2026-08-30T08:56:23.6115178Z 
2026-08-30T08:56:23.6116849Z 5.1 You agree that you are responsible for maintaining the confidentiality of any developer credentials that may be issued to you by Google or which you may choose yourself and that you will be solely responsible for all applications that are developed under your developer credentials.
2026-08-30T08:56:23.6118788Z 
2026-08-30T08:56:23.6118942Z 6. Privacy and Information
2026-08-30T08:56:23.6119189Z 
2026-08-30T08:56:23.6121964Z 6.1 In order to continually innovate and improve the Preview, Google may collect certain usage statistics from the software including but not limited to a unique identifier, associated IP address, version number of the software, and information on which tools and/or services in the Preview are being used and how they are being used. Before any of this information is collected, the Preview will notify you and seek your consent. If you withhold consent, the information will not be collected.
2026-08-30T08:56:23.6124911Z 
2026-08-30T08:56:23.6125914Z 6.2 The data collected is examined in the aggregate to improve the Preview and is maintained in accordance with Google's Privacy Policy located at http://www.google.com/policies/privacy/.
2026-08-30T08:56:23.6127408Z 
2026-08-30T08:56:23.6155926Z 7. Third Party Applications
2026-08-30T08:56:23.6156236Z 
2026-08-30T08:56:23.6159910Z 7.1 If you use the Preview to run applications developed by a third party or that access data, content or resources provided by a third party, you agree that Google is not responsible for those applications, data, content, or resources. You understand that all data, content or resources which you may access through such third party applications are the sole responsibility of the person from which they originated and that Google is not liable for any loss or damage that you may experience as a result of the use or access of any of those third party applications, data, content, or resources.
2026-08-30T08:56:23.6163549Z 
2026-08-30T08:56:23.6166805Z 7.2 You should be aware the data, content, and resources presented to you through such a third party application may be protected by intellectual property rights which are owned by the providers (or by other persons or companies on their behalf). You may not modify, rent, lease, loan, sell, distribute or create derivative works based on these data, content, or resources (either in whole or in part) unless you have been specifically given permission to do so by the relevant owners.
2026-08-30T08:56:23.6169909Z 
2026-08-30T08:56:23.6170803Z 7.3 You acknowledge that your use of such third party applications, data, content, or resources may be subject to separate terms between you and the relevant third party.
2026-08-30T08:56:23.6171859Z 
2026-08-30T08:56:23.6171996Z 8. Using Google APIs
2026-08-30T08:56:23.6172220Z 
2026-08-30T08:56:23.6172346Z 8.1 Google APIs
2026-08-30T08:56:23.6172544Z 
2026-08-30T08:56:23.6175277Z 8.1.1 If you use any API to retrieve data from Google, you acknowledge that the data may be protected by intellectual property rights which are owned by Google or those parties that provide the data (or by other persons or companies on their behalf). Your use of any such API may be subject to additional Terms of Service. You may not modify, rent, lease, loan, sell, distribute or create derivative works based on this data (either in whole or in part) unless allowed by the relevant Terms of Service.
2026-08-30T08:56:23.6178341Z 
2026-08-30T08:56:23.6179964Z 8.1.2 If you use any API to retrieve a user's data from Google, you acknowledge and agree that you shall retrieve data only with the user's explicit consent and only when, and for the limited purposes for which, the user has given you permission to do so.
2026-08-30T08:56:23.6181480Z 
2026-08-30T08:56:23.6181648Z 9. Terminating the License Agreement
2026-08-30T08:56:23.6181950Z 
2026-08-30T08:56:23.6182469Z 9.1 the License Agreement will continue to apply until terminated by either you or Google as set out below.
2026-08-30T08:56:23.6183171Z 
2026-08-30T08:56:23.6183850Z 9.2 If you want to terminate the License Agreement, you may do so by ceasing your use of the Preview and any relevant developer credentials.
2026-08-30T08:56:23.6184696Z 
2026-08-30T08:56:23.6185194Z 9.3 Google may at any time, terminate the License Agreement, with or without cause, upon notice to you.
2026-08-30T08:56:23.6185845Z 
2026-08-30T08:56:23.6187884Z 9.4 The License Agreement will automatically terminate without notice or other action upon the earlier of: (A) when Google ceases to provide the Preview or certain parts of the Preview to users in the country in which you are resident or from which you use the service; and (B) Google issues a final release version of the Android SDK.
2026-08-30T08:56:23.6189852Z 
2026-08-30T08:56:23.6191151Z 9.5 When the License Agreement is terminated, the license granted to you in the License Agreement will terminate, you will immediately cease all use of the Preview, and the provisions of paragraphs 10, 11, 12 and 14 shall survive indefinitely.
2026-08-30T08:56:23.6192643Z 
2026-08-30T08:56:23.6192782Z 10. DISCLAIMERS
2026-08-30T08:56:23.6192976Z 
2026-08-30T08:56:23.6193929Z 10.1 YOU EXPRESSLY UNDERSTAND AND AGREE THAT YOUR USE OF THE PREVIEW IS AT YOUR SOLE RISK AND THAT THE PREVIEW IS PROVIDED "AS IS" AND "AS AVAILABLE" WITHOUT WARRANTY OF ANY KIND FROM GOOGLE.
2026-08-30T08:56:23.6195299Z 
2026-08-30T08:56:23.6198706Z 10.2 YOUR USE OF THE PREVIEW AND ANY MATERIAL DOWNLOADED OR OTHERWISE OBTAINED THROUGH THE USE OF THE PREVIEW IS AT YOUR OWN DISCRETION AND RISK AND YOU ARE SOLELY RESPONSIBLE FOR ANY DAMAGE TO YOUR COMPUTER SYSTEM OR OTHER DEVICE OR LOSS OF DATA THAT RESULTS FROM SUCH USE. WITHOUT LIMITING THE FOREGOING, YOU UNDERSTAND THAT THE PREVIEW IS NOT A STABLE RELEASE AND MAY CONTAIN ERRORS, DEFECTS AND SECURITY VULNERABILITIES THAT CAN RESULT IN SIGNIFICANT DAMAGE, INCLUDING THE COMPLETE, IRRECOVERABLE LOSS OF USE OF YOUR COMPUTER SYSTEM OR OTHER DEVICE.
2026-08-30T08:56:23.6202128Z 
2026-08-30T08:56:23.6203578Z 10.3 GOOGLE FURTHER EXPRESSLY DISCLAIMS ALL WARRANTIES AND CONDITIONS OF ANY KIND, WHETHER EXPRESS OR IMPLIED, INCLUDING, BUT NOT LIMITED TO THE IMPLIED WARRANTIES AND CONDITIONS OF MERCHANTABILITY, FITNESS FOR A PARTICULAR PURPOSE AND NON-INFRINGEMENT.
2026-08-30T08:56:23.6205304Z 
2026-08-30T08:56:23.6205463Z 11. LIMITATION OF LIABILITY
2026-08-30T08:56:23.6205713Z 
2026-08-30T08:56:23.6208384Z 11.1 YOU EXPRESSLY UNDERSTAND AND AGREE THAT GOOGLE, ITS SUBSIDIARIES AND AFFILIATES, AND ITS LICENSORS SHALL NOT BE LIABLE TO YOU UNDER ANY THEORY OF LIABILITY FOR ANY DIRECT, INDIRECT, INCIDENTAL, SPECIAL, CONSEQUENTIAL OR EXEMPLARY DAMAGES THAT MAY BE INCURRED BY YOU, INCLUDING ANY LOSS OF DATA, WHETHER OR NOT GOOGLE OR ITS REPRESENTATIVES HAVE BEEN ADVISED OF OR SHOULD HAVE BEEN AWARE OF THE POSSIBILITY OF ANY SUCH LOSSES ARISING.
2026-08-30T08:56:23.6210995Z 
2026-08-30T08:56:23.6211129Z 12. Indemnification
2026-08-30T08:56:23.6211340Z 
2026-08-30T08:56:23.6216306Z 12.1 To the maximum extent permitted by law, you agree to defend, indemnify and hold harmless Google, its affiliates and their respective directors, officers, employees and agents from and against any and all claims, actions, suits or proceedings, as well as any and all losses, liabilities, damages, costs and expenses (including reasonable attorneysâ fees) arising out of or accruing from (a) your use of the Preview, (b) any application you develop on the Preview that infringes any Intellectual Property Rights of any person or defames any person or violates their rights of publicity or privacy, and (c) any non-compliance by you of the License Agreement.
2026-08-30T08:56:23.6221345Z 
2026-08-30T08:56:23.6221774Z 13. Changes to the License Agreement
2026-08-30T08:56:23.6222146Z 
2026-08-30T08:56:23.6223707Z 13.1 Google may make changes to the License Agreement as it distributes new versions of the Preview. When these changes are made, Google will make a new version of the License Agreement available on the website where the Preview is made available.
2026-08-30T08:56:23.6225382Z 
2026-08-30T08:56:23.6225533Z 14. General Legal Terms
2026-08-30T08:56:23.6225758Z 
2026-08-30T08:56:23.6227701Z 14.1 the License Agreement constitutes the whole legal agreement between you and Google and governs your use of the Preview (excluding any services which Google may provide to you under a separate written agreement), and completely replaces any prior agreements between you and Google in relation to the Preview.
2026-08-30T08:56:23.6229653Z 
2026-08-30T08:56:23.6231382Z 14.2 You agree that if Google does not exercise or enforce any legal right or remedy which is contained in the License Agreement (or which Google has the benefit of under any applicable law), this will not be taken to be a formal waiver of Google's rights and that those rights or remedies will still be available to Google.
2026-08-30T08:56:23.6233306Z 
2026-08-30T08:56:23.6235221Z 14.3 If any court of law, having the jurisdiction to decide on this matter, rules that any provision of the License Agreement is invalid, then that provision will be removed from the License Agreement without affecting the rest of the License Agreement. The remaining provisions of the License Agreement will continue to be valid and enforceable.
2026-08-30T08:56:23.6237448Z 
2026-08-30T08:56:23.6240177Z 14.4 You acknowledge and agree that each member of the group of companies of which Google is the parent shall be third party beneficiaries to the License Agreement and that such other companies shall be entitled to directly enforce, and rely upon, any provision of the License Agreement that confers a benefit on (or rights in favor of) them. Other than this, no other person or company shall be third party beneficiaries to the License Agreement.
2026-08-30T08:56:23.6242983Z 
2026-08-30T08:56:23.6244526Z 14.5 EXPORT RESTRICTIONS. THE PREVIEW IS SUBJECT TO UNITED STATES EXPORT LAWS AND REGULATIONS. YOU MUST COMPLY WITH ALL DOMESTIC AND INTERNATIONAL EXPORT LAWS AND REGULATIONS THAT APPLY TO THE PREVIEW. THESE LAWS INCLUDE RESTRICTIONS ON DESTINATIONS, END USERS AND END USE.
2026-08-30T08:56:23.6246240Z 
2026-08-30T08:56:23.6258636Z 14.6 The License Agreement may not be assigned or transferred by you without the prior written approval of Google, and any attempted assignment without such approval will be void. You shall not delegate your responsibilities or obligations under the License Agreement without the prior written approval of Google.
2026-08-30T08:56:23.6260515Z 
2026-08-30T08:56:23.6262355Z 14.7 The License Agreement, and your relationship with Google under the License Agreement, shall be governed by the laws of the State of California without regard to its conflict of laws provisions. You and Google agree to submit to the exclusive jurisdiction of the courts located within the county of Santa Clara, California to resolve any legal matter arising from the License Agreement. Notwithstanding this, you agree that Google shall still be allowed to apply for injunctive remedies (or an equivalent type of urgent legal relief) in any jurisdiction.
2026-08-30T08:56:23.6264230Z 
2026-08-30T08:56:23.6264326Z June 2014.
2026-08-30T08:56:23.6264540Z ---------------------------------------
2026-08-30T08:56:23.6264810Z Accept? (y/N): 
2026-08-30T08:56:23.6265128Z 5/6: License google-gdk-license:
2026-08-30T08:56:23.6265396Z ---------------------------------------
2026-08-30T08:56:23.6265748Z This is a Developer Preview of the GDK that is subject to change.
2026-08-30T08:56:23.6266011Z 
2026-08-30T08:56:23.6266104Z Terms and Conditions
2026-08-30T08:56:23.6266233Z 
2026-08-30T08:56:23.6266368Z This is the Glass Development Kit License Agreement.
2026-08-30T08:56:23.6266589Z 
2026-08-30T08:56:23.6266675Z 1. Introduction
2026-08-30T08:56:23.6267285Z 
2026-08-30T08:56:23.6268592Z 1.1 The Glass Development Kit (referred to in this License Agreement as the "GDK" and specifically including the Android system files, packaged APIs, and GDK library files, if and when they are made available) is licensed to you subject to the terms of this License Agreement. This License Agreement forms a legally binding contract between you and Google in relation to your use of the GDK.
2026-08-30T08:56:23.6269917Z 
2026-08-30T08:56:23.6270160Z 1.2 "Glass" means Glass devices and the Glass software stack for use on Glass devices.
2026-08-30T08:56:23.6270489Z 
2026-08-30T08:56:23.6270493Z 
2026-08-30T08:56:23.6271156Z 1.3 "Android" means the Android software stack for devices, as made available under the Android Open Source Project, which is located at the following URL: http://source.android.com/, as updated from time to time.
2026-08-30T08:56:23.6271901Z 
2026-08-30T08:56:23.6272372Z 1.4 "Google" means Google Inc., a Delaware corporation with principal place of business at 1600 Amphitheatre Parkway, Mountain View, CA 94043, United States.
2026-08-30T08:56:23.6272926Z 
2026-08-30T08:56:23.6273028Z 2. Accepting this License Agreement
2026-08-30T08:56:23.6273206Z 
2026-08-30T08:56:23.6273598Z 2.1 In order to use the GDK, you must first agree to this License Agreement. You may not use the GDK if you do not accept this License Agreement.
2026-08-30T08:56:23.6274319Z 
2026-08-30T08:56:23.6274546Z 2.2 By clicking to accept, you hereby agree to the terms of this License Agreement.
2026-08-30T08:56:23.6274858Z 
2026-08-30T08:56:23.6275637Z 2.3 You may not use the GDK and may not accept the License Agreement if you are a person barred from receiving the GDK under the laws of the United States or other countries including the country in which you are resident or from which you use the GDK.
2026-08-30T08:56:23.6276658Z 
2026-08-30T08:56:23.6278229Z 2.4 If you are agreeing to be bound by this License Agreement on behalf of your employer or other entity, you represent and warrant that you have full legal authority to bind your employer or such entity to this License Agreement. If you do not have the requisite authority, you may not accept the License Agreement or use the GDK on behalf of your employer or other entity.
2026-08-30T08:56:23.6279463Z 
2026-08-30T08:56:23.6279564Z 3. GDK License from Google
2026-08-30T08:56:23.6279717Z 
2026-08-30T08:56:23.6280481Z 3.1 Subject to the terms of this License Agreement, Google grants you a limited, worldwide, royalty-free, non-assignable and non-exclusive license to use the GDK solely to develop applications to run on the Glass platform for Glass devices.
2026-08-30T08:56:23.6281315Z 
2026-08-30T08:56:23.6282557Z 3.2 You agree that Google or third parties own all legal right, title and interest in and to the GDK, including any Intellectual Property Rights that subsist in the GDK. "Intellectual Property Rights" means any and all rights under patent law, copyright law, trade secret law, trademark law, and any and all other proprietary rights. Google reserves all rights not expressly granted to you.
2026-08-30T08:56:23.6283855Z 
2026-08-30T08:56:23.6285782Z 3.3 You may not use the GDK for any purpose not expressly permitted by this License Agreement. Except to the extent required by applicable third party licenses, you may not: (a) copy (except for backup purposes), modify, adapt, redistribute, decompile, reverse engineer, disassemble, or create derivative works of the GDK or any part of the GDK; or (b) load any part of the GDK onto a mobile handset or wearable computing device or any other hardware device except a Glass device personal computer, combine any part of the GDK with other software, or distribute any software or device incorporating a part of the GDK.
2026-08-30T08:56:23.6287948Z 
2026-08-30T08:56:23.6288868Z 3.4 You agree that you will not take any actions that may cause or result in the fragmentation of Glass, including but not limited to distributing, participating in the creation of, or promoting in any way a software development kit derived from the GDK.
2026-08-30T08:56:23.6290122Z 
2026-08-30T08:56:23.6290789Z 3.5 Use, reproduction and distribution of components of the GDK licensed under an open source software license are governed solely by the terms of that open source software license and not this License Agreement.
2026-08-30T08:56:23.6291534Z 
2026-08-30T08:56:23.6293086Z 3.6 You agree that the form and nature of the GDK that Google provides may change without prior notice to you and that future versions of the GDK may be incompatible with applications developed on previous versions of the GDK. You agree that Google may stop (permanently or temporarily) providing the GDK (or any features within the GDK) to you or to users generally at Google's sole discretion, without prior notice to you.
2026-08-30T08:56:23.6294972Z 
2026-08-30T08:56:23.6295508Z 3.7 Nothing in this License Agreement gives you a right to use any of Google's trade names, trademarks, service marks, logos, domain names, or other distinctive brand features.
2026-08-30T08:56:23.6296135Z 
2026-08-30T08:56:23.6296683Z 3.8 You agree that you will not remove, obscure, or alter any proprietary rights notices (including copyright and trademark notices) that may be affixed to or contained within the GDK.
2026-08-30T08:56:23.6297575Z 
2026-08-30T08:56:23.6297579Z 
2026-08-30T08:56:23.6298834Z 3.9 Your use of any Android system files, packaged APIs, or other components of the GDK which are part of the Android Software Development Kit is subject to the terms of the Android Software Development Kit License Agreement located at http://developer.android.com/sdk/terms.html. These terms are hereby incorporated by reference into this License Agreement.
2026-08-30T08:56:23.6300765Z 
2026-08-30T08:56:23.6300959Z 4. Use of the GDK by You
2026-08-30T08:56:23.6301215Z 
2026-08-30T08:56:23.6302770Z 4.1 Google agrees that it obtains no right, title or interest from you (or your licensors) under this License Agreement in or to any software applications that you develop using the GDK, including any intellectual property rights that subsist in those applications.
2026-08-30T08:56:23.6304799Z 
2026-08-30T08:56:23.6306647Z 4.2 You agree to use the GDK and write applications only for purposes that are permitted by (a) this License Agreement, (b) the Glass Platform Developer Policies (located at https://developers.google.com/glass/policies, and hereby incorporated into this License Agreement by reference), and (c) any applicable law, regulation or generally accepted practices or guidelines in the relevant jurisdictions (including any laws regarding the export of data or software to and from the United States or other relevant countries).
2026-08-30T08:56:23.6308993Z 
2026-08-30T08:56:23.6311487Z 4.3 You agree that if you use the GDK to develop applications for general public users, you will protect the privacy and legal rights of those users. If the users provide you with user names, passwords, or other login information or personal information, you must make the users aware that the information will be available to your application, and you must provide legally adequate privacy notice and protection for those users. If your application stores personal or sensitive information provided by users, it must do so securely. If the user provides your application with Google Account information, your application may only use that information to access the user's Google Account when, and for the limited purposes for which, the user has given you permission to do so.
2026-08-30T08:56:23.6314037Z 
2026-08-30T08:56:23.6315159Z 4.4 You agree that you will not engage in any activity with the GDK, including the development or distribution of an application, that interferes with, disrupts, damages, or accesses in an unauthorized manner the servers, networks, or other properties or services of any third party including, but not limited to, Google.
2026-08-30T08:56:23.6317429Z 
2026-08-30T08:56:23.6319668Z 4.5 You agree that you are solely responsible for (and that Google has no responsibility to you or to any third party for) any data, content, or resources that you create, transmit or display through Glass and/or applications for Glass, and for the consequences of your actions (including any loss or damage which Google may suffer) by doing so.
2026-08-30T08:56:23.6321621Z 
2026-08-30T08:56:23.6323634Z 4.6 You agree that you are solely responsible for (and that Google has no responsibility to you or to any third party for) any breach of your obligations under this License Agreement, any applicable third party contract or Terms of Service, or any applicable law or regulation, and for the consequences (including any loss or damage which Google or any third party may suffer) of any such breach.
2026-08-30T08:56:23.6325860Z 
2026-08-30T08:56:23.6325866Z 
2026-08-30T08:56:23.6328037Z 4.7 The GDK is in development, and your testing and feedback are an important part of the development process. By using the GDK, you acknowledge that implementation of some features are still under development and that you should not rely on the GDK, Glass devices, Glass system software, Google Mirror API, or Glass services having the full functionality of a stable release.
2026-08-30T08:56:23.6330253Z 
2026-08-30T08:56:23.6330424Z 5. Your Developer Credentials
2026-08-30T08:56:23.6330700Z 
2026-08-30T08:56:23.6332275Z 5.1 You agree that you are responsible for maintaining the confidentiality of any developer credentials that may be issued to you by Google or which you may choose yourself and that you will be solely responsible for all applications that are developed under your developer credentials.
2026-08-30T08:56:23.6334186Z 
2026-08-30T08:56:23.6334343Z 6. Privacy and Information
2026-08-30T08:56:23.6334651Z 
2026-08-30T08:56:23.6334657Z 
2026-08-30T08:56:23.6337549Z 6.1 In order to continually innovate and improve the GDK, Google may collect certain usage statistics from the software including but not limited to a unique identifier, associated IP address, version number of the software, and information on which tools and/or services in the GDK are being used and how they are being used. Before any of this information is collected, the GDK will notify you and seek your consent. If you withhold consent, the information will not be collected.
2026-08-30T08:56:23.6340411Z 
2026-08-30T08:56:23.6341066Z 6.2 The data collected is examined in the aggregate to improve the GDK and is maintained in accordance with Google's Privacy Policy.
2026-08-30T08:56:23.6341899Z 
2026-08-30T08:56:23.6342052Z 7. Third Party Applications
2026-08-30T08:56:23.6342320Z 
2026-08-30T08:56:23.6345623Z 7.1 If you use the GDK to run applications developed by a third party or that access data, content or resources provided by a third party, you agree that Google is not responsible for those applications, data, content, or resources. You understand that all data, content or resources which you may access through such third party applications are the sole responsibility of the person from which they originated and that Google is not liable for any loss or damage that you may experience as a result of the use or access of any of those third party applications, data, content, or resources.
2026-08-30T08:56:23.6349177Z 
2026-08-30T08:56:23.6351089Z 7.2 You should be aware the data, content, and resources presented to you through such a third party application may be protected by intellectual property rights which are owned by the providers (or by other persons or companies on their behalf). You may not modify, rent, lease, loan, sell, distribute or create derivative works based on these data, content, or resources (either in whole or in part) unless you have been specifically given permission to do so by the relevant owners.
2026-08-30T08:56:23.6353580Z 
2026-08-30T08:56:23.6355134Z 7.3 You acknowledge that your use of such third party applications, data, content, or resources may be subject to separate terms between you and the relevant third party. In that case, this License Agreement does not affect your legal relationship with these third parties.
2026-08-30T08:56:23.6356913Z 
2026-08-30T08:56:23.6357554Z 8. Using Google APIs
2026-08-30T08:56:23.6357825Z 
2026-08-30T08:56:23.6357924Z 8.1 Google APIs
2026-08-30T08:56:23.6358058Z 
2026-08-30T08:56:23.6359604Z 8.1.1 If you use any API to retrieve data from Google, you acknowledge that the data may be protected by intellectual property rights which are owned by Google or those parties that provide the data (or by other persons or companies on their behalf). Your use of any such API may be subject to additional Terms of Service. You may not modify, rent, lease, loan, sell, distribute or create derivative works based on this data (either in whole or in part) unless allowed by the relevant Terms of Service.
2026-08-30T08:56:23.6361272Z 
2026-08-30T08:56:23.6362025Z 8.1.2 If you use any API to retrieve a user's data from Google, you acknowledge and agree that you shall retrieve data only with the user's explicit consent and only when, and for the limited purposes for which, the user has given you permission to do so.
2026-08-30T08:56:23.6362865Z 
2026-08-30T08:56:23.6362985Z 9. Terminating this License Agreement
2026-08-30T08:56:23.6363170Z 
2026-08-30T08:56:23.6363480Z 9.1 This License Agreement will continue to apply until terminated by either you or Google as set out below.
2026-08-30T08:56:23.6363881Z 
2026-08-30T08:56:23.6364255Z 9.2 If you want to terminate this License Agreement, you may do so by ceasing your use of the GDK and any relevant developer credentials.
2026-08-30T08:56:23.6364728Z 
2026-08-30T08:56:23.6366716Z 9.3 Google may at any time, terminate this License Agreement with you if: (A) you have breached any provision of this License Agreement; or (B) Google is required to do so by law; or (C) the partner with whom Google offered certain parts of GDK (such as APIs) to you has terminated its relationship with Google or ceased to offer certain parts of the GDK to you; or (D) Google decides to no longer provide the GDK or certain parts of the GDK to users in the country in which you are resident or from which you use the service, or the provision of the GDK or certain GDK services to you by Google is, in Google's sole discretion, no longer commercially viable.
2026-08-30T08:56:23.6369191Z 
2026-08-30T08:56:23.6370593Z 9.4 When this License Agreement comes to an end, all of the legal rights, obligations and liabilities that you and Google have benefited from, been subject to (or which have accrued over time whilst this License Agreement has been in force) or which are expressed to continue indefinitely, shall be unaffected by this cessation, and the provisions of paragraph 14.7 shall continue to apply to such rights, obligations and liabilities indefinitely.
2026-08-30T08:56:23.6372082Z 
2026-08-30T08:56:23.6372187Z 10. DISCLAIMER OF WARRANTIES
2026-08-30T08:56:23.6372341Z 
2026-08-30T08:56:23.6372863Z 10.1 YOU EXPRESSLY UNDERSTAND AND AGREE THAT YOUR USE OF THE GDK IS AT YOUR SOLE RISK AND THAT THE GDK IS PROVIDED "AS IS" AND "AS AVAILABLE" WITHOUT WARRANTY OF ANY KIND FROM GOOGLE.
2026-08-30T08:56:23.6373461Z 
2026-08-30T08:56:23.6374277Z 10.2 YOUR USE OF THE GDK AND ANY MATERIAL DOWNLOADED OR OTHERWISE OBTAINED THROUGH THE USE OF THE GDK IS AT YOUR OWN DISCRETION AND RISK AND YOU ARE SOLELY RESPONSIBLE FOR ANY DAMAGE TO YOUR COMPUTER SYSTEM OR OTHER DEVICE OR LOSS OF DATA THAT RESULTS FROM SUCH USE.
2026-08-30T08:56:23.6375175Z 
2026-08-30T08:56:23.6375967Z 10.3 GOOGLE FURTHER EXPRESSLY DISCLAIMS ALL WARRANTIES AND CONDITIONS OF ANY KIND, WHETHER EXPRESS OR IMPLIED, INCLUDING, BUT NOT LIMITED TO THE IMPLIED WARRANTIES AND CONDITIONS OF MERCHANTABILITY, FITNESS FOR A PARTICULAR PURPOSE AND NON-INFRINGEMENT.
2026-08-30T08:56:23.6376860Z 
2026-08-30T08:56:23.6376953Z 11. LIMITATION OF LIABILITY
2026-08-30T08:56:23.6377381Z 
2026-08-30T08:56:23.6378988Z 11.1 YOU EXPRESSLY UNDERSTAND AND AGREE THAT GOOGLE, ITS SUBSIDIARIES AND AFFILIATES, AND ITS LICENSORS SHALL NOT BE LIABLE TO YOU UNDER ANY THEORY OF LIABILITY FOR ANY DIRECT, INDIRECT, INCIDENTAL, SPECIAL, CONSEQUENTIAL OR EXEMPLARY DAMAGES THAT MAY BE INCURRED BY YOU, INCLUDING ANY LOSS OF DATA, WHETHER OR NOT GOOGLE OR ITS REPRESENTATIVES HAVE BEEN ADVISED OF OR SHOULD HAVE BEEN AWARE OF THE POSSIBILITY OF ANY SUCH LOSSES ARISING.
2026-08-30T08:56:23.6380450Z 
2026-08-30T08:56:23.6380535Z 12. Indemnification
2026-08-30T08:56:23.6380664Z 
2026-08-30T08:56:23.6382922Z 12.1 To the maximum extent permitted by law, you agree to defend, indemnify and hold harmless Google, its affiliates and their respective directors, officers, employees and agents from and against any and all claims, actions, suits or proceedings, as well as any and all losses, liabilities, damages, costs and expenses (including reasonable attorneys fees) arising out of or accruing from (a) your use of the GDK, (b) any application you develop on the GDK that infringes any copyright, trademark, trade secret, trade dress, patent or other intellectual property right of any person or defames any person or violates their rights of publicity or privacy, and (c) any non-compliance by you with this License Agreement.
2026-08-30T08:56:23.6385256Z 
2026-08-30T08:56:23.6385368Z 13. Changes to the License Agreement
2026-08-30T08:56:23.6385539Z 
2026-08-30T08:56:23.6386254Z 13.1 Google may make changes to the License Agreement as it distributes new versions of the GDK. When these changes are made, Google will make a new version of the License Agreement available on the website where the GDK is made available.
2026-08-30T08:56:23.6387291Z 
2026-08-30T08:56:23.6387383Z 14. General Legal Terms
2026-08-30T08:56:23.6387529Z 
2026-08-30T08:56:23.6388476Z 14.1 This License Agreement constitutes the whole legal agreement between you and Google and governs your use of the GDK (excluding any services which Google may provide to you under a separate written agreement), and completely replaces any prior agreements between you and Google in relation to the GDK.
2026-08-30T08:56:23.6389710Z 
2026-08-30T08:56:23.6390696Z 14.2 You agree that if Google does not exercise or enforce any legal right or remedy which is contained in this License Agreement (or which Google has the benefit of under any applicable law), this will not be taken to be a formal waiver of Google's rights and that those rights or remedies will still be available to Google.
2026-08-30T08:56:23.6391762Z 
2026-08-30T08:56:23.6392837Z 14.3 If any court of law, having the jurisdiction to decide on this matter, rules that any provision of this License Agreement is invalid, then that provision will be removed from this License Agreement without affecting the rest of this License Agreement. The remaining provisions of this License Agreement will continue to be valid and enforceable.
2026-08-30T08:56:23.6394007Z 
2026-08-30T08:56:23.6395415Z 14.4 You acknowledge and agree that each member of the group of companies of which Google is the parent shall be third party beneficiaries to this License Agreement and that such other companies shall be entitled to directly enforce, and rely upon, any provision of this License Agreement that confers a benefit on (or rights in favor of) them. Other than this, no other person or company shall be third party beneficiaries to this License Agreement.
2026-08-30T08:56:23.6396880Z 
2026-08-30T08:56:23.6398043Z 14.5 EXPORT RESTRICTIONS. THE GDK IS SUBJECT TO UNITED STATES EXPORT LAWS AND REGULATIONS. YOU MUST COMPLY WITH ALL DOMESTIC AND INTERNATIONAL EXPORT LAWS AND REGULATIONS THAT APPLY TO THE GDK. THESE LAWS INCLUDE RESTRICTIONS ON DESTINATIONS, END USERS AND END USE.
2026-08-30T08:56:23.6399026Z 
2026-08-30T08:56:23.6400118Z 14.6 The rights granted in this License Agreement may not be assigned or transferred by either you or Google without the prior written approval of the other party. Neither you nor Google shall be permitted to delegate their responsibilities or obligations under this License Agreement without the prior written approval of the other party.
2026-08-30T08:56:23.6401285Z 
2026-08-30T08:56:23.6403450Z 14.7 This License Agreement, and your relationship with Google under this License Agreement, shall be governed by the laws of the State of California without regard to its conflict of laws provisions. You and Google agree to submit to the exclusive jurisdiction of the courts located within the county of Santa Clara, California to resolve any legal matter arising from this License Agreement. Notwithstanding this, you agree that Google shall still be allowed to apply for injunctive remedies (or an equivalent type of urgent legal relief) in any jurisdiction.
2026-08-30T08:56:23.6406358Z 
2026-08-30T08:56:23.6406457Z November 19, 2013
2026-08-30T08:56:23.6406694Z ---------------------------------------
2026-08-30T08:56:23.6410075Z Accept? (y/N): 
2026-08-30T08:56:23.6410522Z 6/6: License mips-android-sysimage-license:
2026-08-30T08:56:23.6410979Z ---------------------------------------
2026-08-30T08:56:23.6413226Z MIPS Technologies, Inc. (âMIPSâ) Internal Evaluation License Agreement for MIPS Androidâ¢ System Images for Android Software Development Kit (SDK): This Internal Evaluation License Agreement (this "Agreement") is entered into by and between MIPS and you (as an individual developer or a legal entity -- identified below as âRecipientâ). MIPS shall make the Evaluation Software available to Recipient as described in accordance with the terms and conditions set forth below.
2026-08-30T08:56:23.6416272Z 
2026-08-30T08:56:23.6420107Z By clicking on the âAcceptâ button, downloading, installing, or otherwise using the Evaluation Materials (defined below), you agree to be bound by the terms of this Agreement effective as of the date you click âAcceptâ (the âEffective Dateâ), and if doing so on behalf of an entity, you represent that you are authorized to bind the entity to the terms and conditions of this Agreement. If you do not agree to be bound by the terms and conditions of this Agreement, do not download, install, or use the Evaluation Materials.
2026-08-30T08:56:23.6423301Z 
2026-08-30T08:56:23.6423586Z 1. DEFINITIONS. These terms shall have the following meanings:
2026-08-30T08:56:23.6424033Z 
2026-08-30T08:56:23.6425052Z 1.1 âMIPSâ shall mean MIPS Technologies, Inc., a Delaware corporation having a principal place of business at: 955 East Arques Ave., Sunnyvale, CA 94085
2026-08-30T08:56:23.6426027Z 
2026-08-30T08:56:23.6427979Z 1.2 âEvaluation Softwareâ shall mean MIPS Androidâ¢ emulator system images for Android Software Development Kit (SDK), as made available to Recipient.
2026-08-30T08:56:23.6428988Z 
2026-08-30T08:56:23.6431132Z 1.3 âEvaluation Materials" means, collectively, the Evaluation Software (in source and/or object code form) and documentation (including, without limitation, any design documents, specifications, reference manuals, and other related materials) related to the Evaluation Software as made available to Recipient.
2026-08-30T08:56:23.6433094Z 
2026-08-30T08:56:23.6440073Z 1.4 âOpen Source Softwareâ means any software that requires (as a condition of use, modification and/or distribution of such software) that such software or other software incorporated into, derived from or distributed with such software (a) be disclosed or distributed in source code form; or (b) be licensed by the user to third parties for the purpose of making and/or distributing derivative works; or (c) be redistributable at no charge. Open Source Software includes, without limitation, software licensed or distributed under any of the following licenses or distribution models, or licenses or distribution models substantially similar to any of the following: (a) GNUâs General Public License (GPL) or Lesser/Library GPL (LGPL), (b) the Artistic License (e.g., PERL), (c) the Mozilla Public License, (d) the Netscape Public License, (e) the Sun Community Source License (SCSL), (f) the Sun Industry Source License (SISL), (g) the Apache Software license and (h) the Common Public License (CPL).
2026-08-30T08:56:23.6446414Z 
2026-08-30T08:56:23.6449041Z 1.5 âPre-Release Materialsâ means âalphaâ or âbetaâ designated pre-release features, which may not be fully functional, which MIPS may substantially modify in producing any production version of the Evaluation Materials, and/or which is still under development by MIPS and/or MIPSâ suppliers.
2026-08-30T08:56:23.6450998Z 
2026-08-30T08:56:23.6454461Z 2. PURPOSE. MIPS desires to make the Evaluation Materials available to Recipient solely for Recipient's internal evaluation of the Evaluation Software to evaluate the desirability of cooperating with MIPS in developing products that are compatible with the Evaluation Software and/or to advise MIPS as to possible modifications to the Evaluation Software. Recipient may not disclose, distribute, modify (except to facilitate the above-mentioned internal evaluation), or make commercial use of the Evaluation Materials or any modifications of the Evaluation Materials.
2026-08-30T08:56:23.6458295Z 
2026-08-30T08:56:23.6460899Z THE EVALUATION MATERIALS ARE PROVIDED FOR EVALUATION PURPOSES ONLY AND MAY NOT BE MODIFIED (EXCEPT TO FACILITATE THE INTERNAL EVALUATION) OR DISTRIBUTED BY RECIPIENT OR INCORPORATED INTO RECIPIENTâS PRODUCTS OR SOFTWARE. PLEASE CONTACT A MIPS SALES REPRESENTATIVE TO LEARN ABOUT THE AVAILABILITY AND COST OF A COMMERCIAL VERSION OF THE EVALUATION SOFTWARE.
2026-08-30T08:56:23.6463212Z 
2026-08-30T08:56:23.6464854Z 3. TITLE. Title to the Evaluation Materials remains with MIPS or its suppliers. Recipient shall not mortgage, pledge or encumber the Evaluation Materials in any way. Recipient shall return all Evaluation Materials, keeping no copies, upon termination or expiration of this Agreement.
2026-08-30T08:56:23.6466689Z 
2026-08-30T08:56:23.6470948Z 4. LICENSE. MIPS grants Recipient a royalty-free, personal, nontransferable, nonexclusive license under its copyrights to use the Evaluation Software only for the purposes described in paragraph 2 above and only for a period beginning on the Effective Date and extending to the first anniversary of the Effective Date (the âEvaluation Periodâ). Unless otherwise communicated in writing by MIPS to Recipient, to the extent the Evaluation Software is provided in more than one delivery or release (each, a âReleaseâ) the license grant in this Section 4 and the Evaluation Period shall apply to each Release, in which case the Evaluation Period shall begin on the date that the Release is made generally available and continue to the first anniversary of such date. Recipient may not make modifications to the Evaluation Software. Recipient shall not disassemble, reverse-engineer, or decompile any software that is not provided to Recipient in source code form.
2026-08-30T08:56:23.6474319Z 
2026-08-30T08:56:23.6474324Z 
2026-08-30T08:56:23.6475382Z EXCEPT AS PROVIDED HEREIN, NO OTHER LICENSE, EXPRESS OR IMPLIED, BY ESTOPPEL OR OTHERWISE, TO ANY OTHER MIPS INTELLECTUAL PROPERTY RIGHTS IS GRANTED TO THE RECIPIENT. OTHER THAN AS EXPLICITLY SET FORTH IN PARAGRAPH 2 ABOVE, NO RIGHT TO COPY, TO REPRODUCE, TO MODIFY, OR TO CREATE DERIVATIVE WORKS OF, THE EVALUATION MATERIALS IS GRANTED HEREIN.
2026-08-30T08:56:23.6476534Z 
2026-08-30T08:56:23.6477609Z 5. NO OBLIGATION. Recipient shall have no duty to purchase or license any product from MIPS. MIPS and its suppliers shall have no obligation to provide support for, or develop a non-evaluation version of, the Evaluation Software or to license any version of it.
2026-08-30T08:56:23.6478500Z 
2026-08-30T08:56:23.6482329Z 6. MODIFICATIONS. This Agreement does not obligate Recipient to provide MIPS with comments or suggestions regarding Evaluation Materials. However, should Recipient provide MIPS with comments or suggestions for the modification, correction, improvement or enhancement of (a) the Evaluation Materials or (b) MIPS products or processes which may embody the Evaluation Materials, then Recipient agrees to grant and hereby grants to MIPS a non-exclusive, irrevocable, worldwide, fully paid-up, royalty-free license, with the right to sublicense MIPSâ licensees and customers, under Recipientâs Intellectual property rights, to use and disclose such comments and suggestions in any manner MIPS chooses and to display, perform, copy, make, have made, use, sell, offer to sell, import, and otherwise dispose of MIPSâ and its sublicenseeâs products embodying such comments and suggestions in any manner and via any media MIPS chooses, without reference to the source.
2026-08-30T08:56:23.6485538Z 
2026-08-30T08:56:23.6487467Z 7. WARRANTY DISCLAIMER. MIPS AND ITS SUPPLIERS MAKE NO WARRANTIES WITH RESPECT TO EVALUATION MATERIALS, EITHER EXPRESS OR IMPLIED, INCLUDING ANY IMPLIED WARRANTIES OF MERCHANTABILITY OR FITNESS FOR A PARTICULAR PURPOSE, OR ANY IMPLIED WARRANTY OF NONINFRINGEMENT WITH RESPECT TO THIRD PARTY INTELLECTUAL PROPERTY. RECIPIENT ACKNOWLEDGES AND AGREES THAT THE EVALUATION MATERIALS ARE PROVIDED âAS IS,â WITHOUT WARRANTY OF ANY KIND.
2026-08-30T08:56:23.6488976Z 
2026-08-30T08:56:23.6490820Z 8. LIMITATION OF LIABILITY. MIPS AND ITS SUPPLIERS SHALL NOT BE LIABLE FOR ANY PROPERTY DAMAGE, PERSONAL INJURY, LOSS OF PROFITS, INTERRUPTION OF BUSINESS OR FOR ANY DIRECT, INDIRECT, SPECIAL, CONSEQUENTIAL OR INCIDENTAL DAMAGES, HOWEVER CAUSED OR ALLEGED, WHETHER FOR BREACH OF WARRANTY, CONTRACT, STRICT LIABILITY OR OTHERWISE, INCLUDING WITHOUT LIMITATION, UNDER TORT OR OTHER LEGAL THEORY. MIPS AND ITS SUPPLIERS DISCLAIM ANY AND ALL LIABILITY, INCLUDING LIABILITY FOR INFRINGEMENT OF ANY INTELLECTUAL PROPERTY RIGHTS OF ANY KIND RELATING TO THE EVALUATION MATERIALS.
2026-08-30T08:56:23.6492740Z 
2026-08-30T08:56:23.6493448Z 9. EXPIRATION. MIPS may terminate this Agreement immediately after a breach by Recipient or otherwise at MIPSâ reasonable discretion and upon five (5) business daysâ notice to Recipient.
2026-08-30T08:56:23.6494121Z 
2026-08-30T08:56:23.6494206Z 10. GENERAL.
2026-08-30T08:56:23.6494322Z 
2026-08-30T08:56:23.6497918Z 10.1 Controlling Law. This Agreement shall be governed by California law excluding its choice of law rules. With the exception of MIPSâ rights to enforce its intellectual property rights and any confidentiality obligations under this Agreement or any licenses distributed with the Evaluation Materials, all disputes and any claims arising under or relating to this Agreement shall be subject to the exclusive jurisdiction and venue of the state and federal courts located in Santa Clara County, California. Each party hereby agrees to jurisdiction and venue in the courts set forth in the preceding sentence. The parties agree that the United Nations Convention on Contracts for the International Sale of Goods is specifically excluded from application to this Agreement. The parties consent to the personal jurisdiction of the above courts.
2026-08-30T08:56:23.6500737Z 
2026-08-30T08:56:23.6502298Z 10.2 Remedies. Recipient acknowledges and agrees that any breach of confidentiality obligations under this Agreement or any licenses distributed with the Evaluation Materials, as well as any disclosure, commercialization, or public use of the Evaluation Materials, would cause irreparable injury to MIPS, and therefore Recipient agrees to consent to, and hereby consents to, the grant of an injunction by any court of competent jurisdiction in the event of an actual or threatened breach.
2026-08-30T08:56:23.6503962Z 
2026-08-30T08:56:23.6505947Z 10.3 Assignment. Recipient may not delegate, assign or transfer this Agreement, the license granted or any of Recipientâs rights, obligations, or duties hereunder, expressly, by implication, by operation of law, by way of merger (regardless of whether Recipient is the surviving entity) or acquisition, or otherwise and any attempt to do so, without MIPSâ express prior written consent, shall be ineffective, null and void. MIPS may freely assign this Agreement, and its rights and obligations hereunder, in its sole discretion.
2026-08-30T08:56:23.6507900Z 
2026-08-30T08:56:23.6509513Z 10.4 Entire Agreement. This Agreement constitutes the entire agreement between Recipient and MIPS and supersedes in their entirety any and all oral or written agreements previously existing between Recipient and MIPS with respect to the subject matter hereof. This Agreement may only be amended or supplemented by a writing that refers explicitly to this Agreement and that is signed or otherwise accepted by duly authorized representatives of Recipient and MIPS.
2026-08-30T08:56:23.6511110Z 
2026-08-30T08:56:23.6512600Z 10.5 Severability. In the event that any provision of this Agreement is finally adjudicated to be unenforceable or invalid under any applicable law, such unenforceability or invalidity shall not render this Agreement unenforceable or invalid as a whole, and, in such event, such unenforceable or invalid provision shall be interpreted so as to best accomplish the objectives of such provision within the limits of applicable law or applicable court decisions.
2026-08-30T08:56:23.6514276Z 
2026-08-30T08:56:23.6525123Z 10.6 Export Regulations / Export Control. Recipient shall not export, either directly or indirectly, any product, service or technical data or system incorporating the Evaluation Materials without first obtaining any required license or other necessary approval from the U.S. Department of Commerce or any other governing agency or department of the United States Government. In the event any product is exported from the United States or re-exported from a foreign destination by Recipient, Recipient shall ensure that the distribution and export/re-export or import of the product is in compliance with all applicable laws, regulations, orders, or other restrictions of the U.S. Export Administration Regulations and the appropriate foreign government. Recipient agrees that neither it nor any of its subsidiaries will export/re-export any technical data, process, product, or service, directly or indirectly, to any country for which the United States government or any agency thereof or the foreign government from where it is shipping requires an export license, or other governmental approval, without first obtaining such license or approval. Recipient also agrees to implement measures to ensure that foreign national employees are authorized to receive any information controlled by U.S. export control laws. An export is "deemed" to take place when information is released to a foreign national wherever located.
2026-08-30T08:56:23.6532988Z 
2026-08-30T08:56:23.6536646Z 10.7 Special Terms for Pre-Release Materials. If so indicated in the description of the Evaluation Software, the Evaluation Software may contain Pre-Release Materials. Recipient hereby understands, acknowledges and agrees that: (i) Pre-Release Materials may not be fully tested and may contain bugs or errors; (ii) Pre-Release materials are not suitable for commercial release in their current state; (iii) regulatory approvals for Pre-Release Materials (such as UL or FCC) have not been obtained, and Pre-Release Materials may therefore not be certified for use in certain countries or environments or may not be suitable for certain applications and (iv) MIPS can provide no assurance that it will ever produce or make generally available a production version of the Pre-Release Materials . MIPS is not under any obligation to develop and/or release or offer for sale or license a final product based upon the Pre-Release Materials and may unilaterally elect to abandon the Pre-Release Materials or any such development platform at any time and without any obligation or liability whatsoever to Recipient or any other person.
2026-08-30T08:56:23.6541391Z 
2026-08-30T08:56:23.6542183Z ANY PRE-RELEASE MATERIALS ARE NON-QUALIFIED AND, AS SUCH, ARE PROVIDED âAS ISâ AND âAS AVAILABLEâ, POSSIBLY WITH FAULTS, AND WITHOUT REPRESENTATION OR WARRANTY OF ANY KIND.
2026-08-30T08:56:23.6542822Z 
2026-08-30T08:56:23.6545066Z 10.8 Open Source Software. In the event Open Source software is included with Evaluation Software, such Open Source software is licensed pursuant to the applicable Open Source software license agreement identified in the Open Source software comments in the applicable source code file(s) and/or file header as indicated in the Evaluation Software. Additional detail may be available (where applicable) in the accompanying on-line documentation. With respect to the Open Source software, nothing in this Agreement limits any rights under, or grants rights that supersede, the terms of any applicable Open Source software license agreement.
2026-08-30T08:56:23.6547583Z ---------------------------------------
2026-08-30T08:56:23.6547895Z Accept? (y/N): All SDK package licenses accepted
2026-08-30T08:56:23.6548107Z 
2026-08-30T08:56:23.6548319Z [command]/usr/local/lib/android/sdk/cmdline-tools/16.0/bin/sdkmanager tools
2026-08-30T08:56:24.3948362Z Loading package information...                                                  
2026-08-30T08:56:24.4967827Z Loading local repository...                                                     
2026-08-30T08:56:24.4970147Z [                                       ] 3% Loading local repository...        
2026-08-30T08:56:24.5071529Z [                                       ] 3% Fetch remote repository...         
2026-08-30T08:56:24.8934610Z [=                                      ] 3% Fetch remote repository...         
2026-08-30T08:56:24.9647987Z [=                                      ] 4% Fetch remote repository...         
2026-08-30T08:56:24.9989861Z [=                                      ] 5% Fetch remote repository...         
2026-08-30T08:56:25.0605986Z [==                                     ] 5% Fetch remote repository...         
2026-08-30T08:56:25.1319821Z [==                                     ] 6% Fetch remote repository...         
2026-08-30T08:56:25.2184156Z [==                                     ] 7% Fetch remote repository...         
2026-08-30T08:56:25.2216740Z [==                                     ] 7% Computing updates...               
2026-08-30T08:56:25.2312673Z [===                                    ] 8% Computing updates...               
2026-08-30T08:56:25.2471291Z [===                                    ] 10% Computing updates...              
2026-08-30T08:56:25.5958188Z [===                                    ] 10% Installing Android Emulator       
2026-08-30T08:56:25.7555149Z [===                                    ] 10% Downloading emulator-linux_x64-159
2026-08-30T08:56:25.9123693Z [====                                   ] 10% Downloading emulator-linux_x64-159
2026-08-30T08:56:26.1229045Z [====                                   ] 11% Downloading emulator-linux_x64-159
2026-08-30T08:56:26.3087682Z [====                                   ] 12% Downloading emulator-linux_x64-159
2026-08-30T08:56:26.4138339Z [=====                                  ] 13% Downloading emulator-linux_x64-159
2026-08-30T08:56:26.4863688Z [=====                                  ] 14% Downloading emulator-linux_x64-159
2026-08-30T08:56:26.5280048Z [=====                                  ] 15% Downloading emulator-linux_x64-159
2026-08-30T08:56:26.5567992Z [======                                 ] 15% Downloading emulator-linux_x64-159
2026-08-30T08:56:26.6233414Z [======                                 ] 16% Downloading emulator-linux_x64-159
2026-08-30T08:56:26.6869548Z [======                                 ] 17% Downloading emulator-linux_x64-159
2026-08-30T08:56:26.7513166Z [=======                                ] 18% Downloading emulator-linux_x64-159
2026-08-30T08:56:26.8185120Z [=======                                ] 19% Downloading emulator-linux_x64-159
2026-08-30T08:56:26.8437982Z [=======                                ] 20% Downloading emulator-linux_x64-159
2026-08-30T08:56:26.8775648Z [========                               ] 20% Downloading emulator-linux_x64-159
2026-08-30T08:56:26.9222958Z [========                               ] 21% Downloading emulator-linux_x64-159
2026-08-30T08:56:27.0068819Z [========                               ] 21% Unzipping...                      
2026-08-30T08:56:27.0080130Z [========                               ] 21% Unzipping... emulator/            
2026-08-30T08:56:27.0088287Z [========                               ] 21% Unzipping... emulator/resources/  
2026-08-30T08:56:27.0546203Z [========                               ] 21% Unzipping... emulator/qsn         
2026-08-30T08:56:27.1230929Z [========                               ] 21% Unzipping... emulator/emulator    
2026-08-30T08:56:27.1503744Z [========                               ] 21% Unzipping... emulator/netsimd     
2026-08-30T08:56:27.2308340Z [========                               ] 22% Unzipping... emulator/netsimd     
2026-08-30T08:56:27.2309677Z [========                               ] 22% Unzipping... emulator/bin64/      
2026-08-30T08:56:27.2360996Z [========                               ] 22% Unzipping... emulator/qemu/       
2026-08-30T08:56:27.2361863Z [========                               ] 22% Unzipping... emulator/NOTICE.txt  
2026-08-30T08:56:27.2503594Z [========                               ] 22% Unzipping... emulator/crashpad_han
2026-08-30T08:56:27.2506776Z [========                               ] 22% Unzipping... emulator/source.prope
2026-08-30T08:56:27.3104094Z [========                               ] 22% Unzipping... emulator/nimble_bridg
2026-08-30T08:56:27.3107032Z [========                               ] 22% Unzipping... emulator/LICENSE     
2026-08-30T08:56:27.3108038Z [========                               ] 22% Unzipping... emulator/lib/        
2026-08-30T08:56:27.3191837Z [========                               ] 22% Unzipping... emulator/qemu-img    
2026-08-30T08:56:27.3192896Z [========                               ] 22% Unzipping... emulator/include/    
2026-08-30T08:56:27.3197008Z [========                               ] 22% Unzipping... emulator/NOTICE.csv  
2026-08-30T08:56:27.3198415Z [========                               ] 22% Unzipping... emulator/lib64/      
2026-08-30T08:56:27.3373236Z [========                               ] 22% Unzipping... emulator/emulator-che
2026-08-30T08:56:27.3649812Z [========                               ] 22% Unzipping... emulator/crashreport 
2026-08-30T08:56:27.3650870Z [========                               ] 22% Unzipping... emulator/mksdcard    
2026-08-30T08:56:27.3896692Z [========                               ] 22% Unzipping... emulator/resources/To
2026-08-30T08:56:27.3911236Z [========                               ] 22% Unzipping... emulator/resources/de
2026-08-30T08:56:27.4038642Z [========                               ] 22% Unzipping... emulator/resources/To
2026-08-30T08:56:27.4040027Z [========                               ] 22% Unzipping... emulator/resources/ma
2026-08-30T08:56:27.4065167Z [========                               ] 22% Unzipping... emulator/resources/de
2026-08-30T08:56:27.4066805Z [========                               ] 22% Unzipping... emulator/resources/sk
2026-08-30T08:56:27.4098444Z [========                               ] 22% Unzipping... emulator/resources/de
2026-08-30T08:56:27.4099457Z [========                               ] 22% Unzipping... emulator/resources/ma
2026-08-30T08:56:27.4111445Z [========                               ] 22% Unzipping... emulator/resources/po
2026-08-30T08:56:27.4220651Z [========                               ] 22% Unzipping... emulator/resources/ma
2026-08-30T08:56:27.4303259Z [========                               ] 22% Unzipping... emulator/resources/sk
2026-08-30T08:56:27.4322062Z [========                               ] 22% Unzipping... emulator/resources/ma
2026-08-30T08:56:27.4369995Z [========                               ] 22% Unzipping... emulator/bin64/e2fsck
2026-08-30T08:56:27.4438317Z [========                               ] 22% Unzipping... emulator/bin64/fsck.e
2026-08-30T08:56:27.4445445Z [========                               ] 22% Unzipping... emulator/bin64/tune2f
2026-08-30T08:56:27.4459244Z [========                               ] 22% Unzipping... emulator/bin64/resize
2026-08-30T08:56:27.4483282Z [========                               ] 22% Unzipping... emulator/bin64/mkfs.e
2026-08-30T08:56:27.4579732Z [========                               ] 22% Unzipping... emulator/qemu/linux-x
2026-08-30T08:56:27.8142739Z [=========                              ] 23% Unzipping... emulator/qemu/linux-x
2026-08-30T08:56:28.1433750Z [=========                              ] 24% Unzipping... emulator/qemu/linux-x
2026-08-30T08:56:28.3039028Z [=========                              ] 25% Unzipping... emulator/qemu/linux-x
2026-08-30T08:56:28.4722016Z [==========                             ] 25% Unzipping... emulator/qemu/linux-x
2026-08-30T08:56:28.4723471Z [==========                             ] 25% Unzipping... emulator/lib/emulator
2026-08-30T08:56:28.4727357Z [==========                             ] 25% Unzipping... emulator/lib/rtc_serv
2026-08-30T08:56:28.4732003Z [==========                             ] 25% Unzipping... emulator/lib/advanced
2026-08-30T08:56:28.4733065Z [==========                             ] 25% Unzipping... emulator/lib/cmake/  
2026-08-30T08:56:28.4744274Z [==========                             ] 25% Unzipping... emulator/lib/emulator
2026-08-30T08:56:28.4745284Z [==========                             ] 25% Unzipping... emulator/lib/control_
2026-08-30T08:56:28.4746291Z [==========                             ] 25% Unzipping... emulator/lib/emulated
2026-08-30T08:56:28.4747617Z [==========                             ] 25% Unzipping... emulator/lib/rtc_serv
2026-08-30T08:56:28.4748662Z [==========                             ] 25% Unzipping... emulator/lib/emu-orig
2026-08-30T08:56:28.4752028Z [==========                             ] 25% Unzipping... emulator/lib/hardware
2026-08-30T08:56:28.4753312Z [==========                             ] 25% Unzipping... emulator/lib/pkgconfi
2026-08-30T08:56:28.4754456Z [==========                             ] 25% Unzipping... emulator/lib/pc-bios/
2026-08-30T08:56:28.4757717Z [==========                             ] 25% Unzipping... emulator/lib/snapshot
2026-08-30T08:56:28.4760737Z [==========                             ] 25% Unzipping... emulator/lib/adb_serv
2026-08-30T08:56:28.4769066Z [==========                             ] 25% Unzipping... emulator/lib/hostapd.
2026-08-30T08:56:28.4772109Z [==========                             ] 25% Unzipping... emulator/lib/grpc_end
2026-08-30T08:56:28.4787880Z [==========                             ] 25% Unzipping... emulator/lib/ca-bundl
2026-08-30T08:56:28.4790814Z [==========                             ] 25% Unzipping... emulator/lib/ui_contr
2026-08-30T08:56:28.4795130Z [==========                             ] 25% Unzipping... emulator/lib/snapshot
2026-08-30T08:56:28.4798191Z [==========                             ] 25% Unzipping... emulator/lib/ice_conf
2026-08-30T08:56:28.4946099Z [==========                             ] 25% Unzipping... emulator/lib/libflatb
2026-08-30T08:56:28.5117916Z [==========                             ] 26% Unzipping... emulator/lib/libflatb
2026-08-30T08:56:28.5125496Z [==========                             ] 26% Unzipping... emulator/lib/emulator
2026-08-30T08:56:28.5128304Z [==========                             ] 26% Unzipping... emulator/lib/waterfal
2026-08-30T08:56:28.5133490Z [==========                             ] 26% Unzipping... emulator/lib/emulated
2026-08-30T08:56:28.5145114Z [==========                             ] 26% Unzipping... emulator/lib/cmake/fl
2026-08-30T08:56:28.5147427Z [==========                             ] 26% Unzipping... emulator/lib/pkgconfi
2026-08-30T08:56:28.5330710Z [==========                             ] 26% Unzipping... emulator/lib/pc-bios/
2026-08-30T08:56:28.5410867Z [==========                             ] 26% Unzipping... emulator/include/flat
2026-08-30T08:56:28.5479880Z [==========                             ] 26% Unzipping... emulator/lib64/libgli
2026-08-30T08:56:28.5599601Z [==========                             ] 26% Unzipping... emulator/lib64/libpro
2026-08-30T08:56:28.5600397Z [==========                             ] 26% Unzipping... emulator/lib64/qt/   
2026-08-30T08:56:28.5991862Z [==========                             ] 26% Unzipping... emulator/lib64/liband
2026-08-30T08:56:28.6671089Z [==========                             ] 26% Unzipping... emulator/lib64/libgfx
2026-08-30T08:56:28.6671667Z [==========                             ] 26% Unzipping... emulator/lib64/gles_l
2026-08-30T08:56:28.6680368Z [==========                             ] 26% Unzipping... emulator/lib64/liband
2026-08-30T08:56:28.6681219Z [==========                             ] 26% Unzipping... emulator/lib64/vulkan
2026-08-30T08:56:28.6681831Z [==========                             ] 26% Unzipping... emulator/lib64/gles_s
2026-08-30T08:56:28.6685596Z [==========                             ] 26% Unzipping... emulator/lib64/libemu
2026-08-30T08:56:28.6811606Z [==========                             ] 26% Unzipping... emulator/lib64/libpro
2026-08-30T08:56:28.8324137Z [==========                             ] 26% Unzipping... emulator/lib64/liband
2026-08-30T08:56:28.8344391Z [==========                             ] 26% Unzipping... emulator/lib64/libtcm
2026-08-30T08:56:28.8350898Z [==========                             ] 26% Unzipping... emulator/lib64/libima
2026-08-30T08:56:28.8412356Z [==========                             ] 26% Unzipping... emulator/lib64/libc++
2026-08-30T08:56:28.8678258Z [==========                             ] 26% Unzipping... emulator/lib64/liband
2026-08-30T08:56:28.8745227Z [==========                             ] 26% Unzipping... emulator/lib64/libabs
2026-08-30T08:56:28.8746388Z [==========                             ] 26% Unzipping... emulator/lib64/gles_a
2026-08-30T08:56:28.8836572Z [==========                             ] 26% Unzipping... emulator/lib64/libsha
2026-08-30T08:56:28.8918062Z [==========                             ] 26% Unzipping... emulator/lib64/libc++
2026-08-30T08:56:28.8918915Z [==========                             ] 26% Unzipping... emulator/lib64/qt/res
2026-08-30T08:56:28.8919677Z [==========                             ] 26% Unzipping... emulator/lib64/qt/lib
2026-08-30T08:56:28.8920802Z [==========                             ] 26% Unzipping... emulator/lib64/qt/tra
2026-08-30T08:56:28.8921487Z [==========                             ] 26% Unzipping... emulator/lib64/qt/plu
2026-08-30T08:56:28.8930321Z [==========                             ] 26% Unzipping... emulator/lib64/qt/res
2026-08-30T08:56:28.9649749Z [==========                             ] 27% Unzipping... emulator/lib64/qt/res
2026-08-30T08:56:29.0378885Z [==========                             ] 27% Unzipping... emulator/lib64/qt/lib
2026-08-30T08:56:29.4143205Z [===========                            ] 28% Unzipping... emulator/lib64/qt/lib
2026-08-30T08:56:29.8041266Z [===========                            ] 29% Unzipping... emulator/lib64/qt/lib
2026-08-30T08:56:29.9767273Z [===========                            ] 30% Unzipping... emulator/lib64/qt/lib
2026-08-30T08:56:30.1333042Z [============                           ] 30% Unzipping... emulator/lib64/qt/lib
2026-08-30T08:56:30.1885630Z [============                           ] 30% Unzipping... emulator/lib64/qt/tra
2026-08-30T08:56:30.2439268Z [============                           ] 31% Unzipping... emulator/lib64/qt/tra
2026-08-30T08:56:30.2609784Z [============                           ] 31% Unzipping... emulator/lib64/qt/plu
2026-08-30T08:56:30.3439489Z [============                           ] 31% Unzipping... emulator/lib64/gles_l
2026-08-30T08:56:30.5645735Z [============                           ] 31% Unzipping... emulator/lib64/vulkan
2026-08-30T08:56:30.8892530Z [============                           ] 32% Unzipping... emulator/lib64/vulkan
2026-08-30T08:56:30.9555082Z [============                           ] 32% Unzipping... emulator/lib64/gles_s
2026-08-30T08:56:31.0122977Z [============                           ] 32% Unzipping... emulator/lib64/gles_a
2026-08-30T08:56:31.0737670Z [=============                          ] 33% Unzipping... emulator/lib64/gles_a
2026-08-30T08:56:31.3706245Z [=====================                  ] 55% Unzipping... emulator/lib64/gles_a
2026-08-30T08:56:31.3918416Z [=====================                  ] 55% Installing Android SDK Tools emula
2026-08-30T08:56:31.4014407Z [=====================                  ] 55% Downloading sdk-tools-linux-433379
2026-08-30T08:56:31.4180770Z [======================                 ] 55% Downloading sdk-tools-linux-433379
2026-08-30T08:56:31.4579529Z [======================                 ] 56% Downloading sdk-tools-linux-433379
2026-08-30T08:56:31.4938736Z [======================                 ] 57% Downloading sdk-tools-linux-433379
2026-08-30T08:56:31.5301182Z [=======================                ] 58% Downloading sdk-tools-linux-433379
2026-08-30T08:56:31.5613638Z [=======================                ] 59% Downloading sdk-tools-linux-433379
2026-08-30T08:56:31.5820781Z [=======================                ] 60% Downloading sdk-tools-linux-433379
2026-08-30T08:56:31.5967130Z [========================               ] 60% Downloading sdk-tools-linux-433379
2026-08-30T08:56:31.6255288Z [========================               ] 61% Downloading sdk-tools-linux-433379
2026-08-30T08:56:31.6545955Z [========================               ] 62% Downloading sdk-tools-linux-433379
2026-08-30T08:56:31.6838520Z [=========================              ] 63% Downloading sdk-tools-linux-433379
2026-08-30T08:56:31.7131162Z [=========================              ] 64% Downloading sdk-tools-linux-433379
2026-08-30T08:56:31.7269407Z [=========================              ] 65% Downloading sdk-tools-linux-433379
2026-08-30T08:56:31.7446281Z [==========================             ] 65% Downloading sdk-tools-linux-433379
2026-08-30T08:56:31.7659496Z [==========================             ] 66% Downloading sdk-tools-linux-433379
2026-08-30T08:56:31.8158279Z [==========================             ] 66% Unzipping... emulator/lib64/gles_a
2026-08-30T08:56:31.8159049Z [==========================             ] 66% Unzipping... tools/               
2026-08-30T08:56:31.8160076Z [==========================             ] 66% Unzipping... tools/proguard/      
2026-08-30T08:56:31.8160732Z [==========================             ] 66% Unzipping... tools/proguard/licens
2026-08-30T08:56:31.8161381Z [==========================             ] 66% Unzipping... tools/proguard/lib/  
2026-08-30T08:56:31.8208030Z [==========================             ] 66% Unzipping... tools/proguard/lib/pr
2026-08-30T08:56:31.8210710Z [==========================             ] 66% Unzipping... tools/proguard/lib/re
2026-08-30T08:56:31.8223911Z [==========================             ] 66% Unzipping... tools/proguard/lib/pr
2026-08-30T08:56:31.8226285Z [==========================             ] 66% Unzipping... tools/proguard/ant/  
2026-08-30T08:56:31.8228362Z [==========================             ] 66% Unzipping... tools/proguard/ant/ta
2026-08-30T08:56:31.8229269Z [==========================             ] 66% Unzipping... tools/proguard/docs/ 
2026-08-30T08:56:31.8231041Z [==========================             ] 66% Unzipping... tools/proguard/docs/f
2026-08-30T08:56:31.8240250Z [==========================             ] 66% Unzipping... tools/proguard/docs/s
2026-08-30T08:56:31.8242429Z [==========================             ] 66% Unzipping... tools/proguard/docs/d
2026-08-30T08:56:31.8246244Z [==========================             ] 66% Unzipping... tools/proguard/docs/s
2026-08-30T08:56:31.8249803Z [==========================             ] 66% Unzipping... tools/proguard/docs/F
2026-08-30T08:56:31.8254396Z [==========================             ] 66% Unzipping... tools/proguard/docs/s
2026-08-30T08:56:31.8256836Z [==========================             ] 66% Unzipping... tools/proguard/docs/l
2026-08-30T08:56:31.8261912Z [==========================             ] 66% Unzipping... tools/proguard/docs/s
2026-08-30T08:56:31.8265609Z [==========================             ] 66% Unzipping... tools/proguard/docs/d
2026-08-30T08:56:31.8272929Z [==========================             ] 66% Unzipping... tools/proguard/docs/s
2026-08-30T08:56:31.8275525Z [==========================             ] 66% Unzipping... tools/proguard/docs/r
2026-08-30T08:56:31.8277816Z [==========================             ] 66% Unzipping... tools/proguard/docs/d
2026-08-30T08:56:31.8280658Z [==========================             ] 66% Unzipping... tools/proguard/docs/t
2026-08-30T08:56:31.8283294Z [==========================             ] 66% Unzipping... tools/proguard/docs/f
2026-08-30T08:56:31.8287284Z [==========================             ] 66% Unzipping... tools/proguard/docs/s
2026-08-30T08:56:31.8290011Z [==========================             ] 66% Unzipping... tools/proguard/docs/t
2026-08-30T08:56:31.8292154Z [==========================             ] 66% Unzipping... tools/proguard/docs/i
2026-08-30T08:56:31.8296602Z [==========================             ] 66% Unzipping... tools/proguard/docs/s
2026-08-30T08:56:31.8301794Z [==========================             ] 66% Unzipping... tools/proguard/docs/m
2026-08-30T08:56:31.8304518Z [==========================             ] 66% Unzipping... tools/proguard/docs/s
2026-08-30T08:56:31.8306984Z [==========================             ] 66% Unzipping... tools/proguard/docs/q
2026-08-30T08:56:31.8310713Z [==========================             ] 66% Unzipping... tools/proguard/docs/G
2026-08-30T08:56:31.8312823Z [==========================             ] 66% Unzipping... tools/proguard/docs/t
2026-08-30T08:56:31.8328929Z [==========================             ] 66% Unzipping... tools/proguard/docs/s
2026-08-30T08:56:31.8386290Z [==========================             ] 66% Unzipping... tools/proguard/docs/m
2026-08-30T08:56:31.8415444Z [==========================             ] 66% Unzipping... tools/proguard/docs/s
2026-08-30T08:56:31.8440972Z [==========================             ] 66% Unzipping... tools/proguard/docs/G
2026-08-30T08:56:31.8467302Z [==========================             ] 66% Unzipping... tools/proguard/docs/c
2026-08-30T08:56:31.8490150Z [==========================             ] 66% Unzipping... tools/proguard/docs/a
2026-08-30T08:56:31.8517449Z [==========================             ] 66% Unzipping... tools/proguard/docs/s
2026-08-30T08:56:31.8547796Z [==========================             ] 66% Unzipping... tools/proguard/docs/d
2026-08-30T08:56:31.8571306Z [==========================             ] 66% Unzipping... tools/proguard/exampl
2026-08-30T08:56:31.8593761Z [==========================             ] 66% Unzipping... tools/proguard/bin/  
2026-08-30T08:56:31.8595599Z [==========================             ] 66% Unzipping... tools/proguard/bin/pr
2026-08-30T08:56:31.8596947Z [==========================             ] 66% Unzipping... tools/proguard/bin/re
2026-08-30T08:56:31.8598125Z [==========================             ] 66% Unzipping... tools/proguard/README
2026-08-30T08:56:31.8599034Z [==========================             ] 66% Unzipping... tools/proguard/progua
2026-08-30T08:56:31.8599939Z [==========================             ] 66% Unzipping... tools/lib/           
2026-08-30T08:56:31.8600808Z [==========================             ] 66% Unzipping... tools/lib/bcpkix-jdk1
2026-08-30T08:56:31.8602425Z [==========================             ] 66% Unzipping... tools/lib/org-eclipse
2026-08-30T08:56:31.8603619Z [==========================             ] 66% Unzipping... tools/lib/manifest-me
2026-08-30T08:56:31.8604562Z [==========================             ] 66% Unzipping... tools/lib/jcommander-
2026-08-30T08:56:31.8618879Z [==========================             ] 66% Unzipping... tools/lib/gson-2.3.ja
2026-08-30T08:56:31.8623080Z [==========================             ] 66% Unzipping... tools/lib/ddms-26.0.0
2026-08-30T08:56:31.8628363Z [==========================             ] 66% Unzipping... tools/lib/asm-tree-5.
2026-08-30T08:56:31.8672955Z [==========================             ] 66% Unzipping... tools/lib/uast-26.0.0
2026-08-30T08:56:31.8681455Z [==========================             ] 66% Unzipping... tools/lib/dexlib2-2.2
2026-08-30T08:56:31.8719458Z [==========================             ] 67% Unzipping... tools/lib/dexlib2-2.2
2026-08-30T08:56:31.8720752Z [==========================             ] 67% Unzipping... tools/lib/android.el 
2026-08-30T08:56:31.8726001Z [==========================             ] 67% Unzipping... tools/lib/apkanalyzer
2026-08-30T08:56:31.8844755Z [==========================             ] 67% Unzipping... tools/lib/guava-22.0.
2026-08-30T08:56:31.8873370Z [==========================             ] 67% Unzipping... tools/lib/lint-api-26
2026-08-30T08:56:31.8882509Z [==========================             ] 67% Unzipping... tools/lib/baksmali-2.
2026-08-30T08:56:31.8886483Z [==========================             ] 67% Unzipping... tools/lib/shared.jar 
2026-08-30T08:56:31.8890228Z [==========================             ] 67% Unzipping... tools/lib/jsr305-1.3.
2026-08-30T08:56:31.8915252Z [==========================             ] 67% Unzipping... tools/lib/httpclient-
2026-08-30T08:56:31.9022827Z [==========================             ] 67% Unzipping... tools/lib/ecj-4.6.1.j
2026-08-30T08:56:31.9029067Z [==========================             ] 67% Unzipping... tools/lib/jobb-26.0.0
2026-08-30T08:56:31.9047310Z [==========================             ] 67% Unzipping... tools/lib/jcommon-1.0
2026-08-30T08:56:31.9051621Z [==========================             ] 67% Unzipping... tools/lib/kxml2-2.3.0
2026-08-30T08:56:31.9135643Z [==========================             ] 67% Unzipping... tools/lib/jfreechart-
2026-08-30T08:56:31.9136885Z [==========================             ] 67% Unzipping... tools/lib/common-26.0
2026-08-30T08:56:31.9217616Z [==========================             ] 67% Unzipping... tools/lib/lint-checks
2026-08-30T08:56:31.9369231Z [==========================             ] 67% Unzipping... tools/lib/kotlin-refl
2026-08-30T08:56:31.9377128Z [==========================             ] 67% Unzipping... tools/lib/builder-mod
2026-08-30T08:56:31.9409801Z [==========================             ] 67% Unzipping... tools/lib/sdklib-26.0
2026-08-30T08:56:31.9416206Z [==========================             ] 67% Unzipping... tools/lib/layoutlib-a
2026-08-30T08:56:31.9419015Z [==========================             ] 67% Unzipping... tools/lib/annotations
2026-08-30T08:56:31.9427494Z [==========================             ] 67% Unzipping... tools/lib/fat32lib.ja
2026-08-30T08:56:31.9435157Z [==========================             ] 67% Unzipping... tools/lib/jsr305-3.0.
2026-08-30T08:56:31.9494977Z [==========================             ] 67% Unzipping... tools/lib/org-eclipse
2026-08-30T08:56:31.9500386Z [==========================             ] 67% Unzipping... tools/lib/error_prone
2026-08-30T08:56:31.9515393Z [==========================             ] 67% Unzipping... tools/lib/org-eclipse
2026-08-30T08:56:31.9516095Z [==========================             ] 67% Unzipping... tools/lib/animal-snif
2026-08-30T08:56:31.9541845Z [==========================             ] 67% Unzipping... tools/lib/asset-studi
2026-08-30T08:56:31.9568692Z [===========================            ] 68% Unzipping... tools/lib/asset-studi
2026-08-30T08:56:31.9581484Z [===========================            ] 68% Unzipping... tools/lib/repository-
2026-08-30T08:56:31.9584720Z [===========================            ] 68% Unzipping... tools/lib/dvlib-26.0.
2026-08-30T08:56:31.9613034Z [===========================            ] 68% Unzipping... tools/lib/jsilver-1.0
2026-08-30T08:56:31.9618108Z [===========================            ] 68% Unzipping... tools/lib/asm-5.1.jar
2026-08-30T08:56:31.9620701Z [===========================            ] 68% Unzipping... tools/lib/devices.xml
2026-08-30T08:56:31.9623805Z [===========================            ] 68% Unzipping... tools/lib/asm-analysi
2026-08-30T08:56:31.9645270Z [===========================            ] 68% Unzipping... tools/lib/hierarchyvi
2026-08-30T08:56:31.9652360Z [===========================            ] 68% Unzipping... tools/lib/monkeyrunne
2026-08-30T08:56:31.9659312Z [===========================            ] 68% Unzipping... tools/lib/uiautomator
2026-08-30T08:56:31.9660820Z [===========================            ] 68% Unzipping... tools/lib/archquery-2
2026-08-30T08:56:31.9665168Z [===========================            ] 68% Unzipping... tools/lib/chimpchat-2
2026-08-30T08:56:31.9667747Z [===========================            ] 68% Unzipping... tools/lib/explainer.j
2026-08-30T08:56:31.9686865Z [===========================            ] 68% Unzipping... tools/lib/ddmlib-26.0
2026-08-30T08:56:31.9690438Z [===========================            ] 68% Unzipping... tools/lib/swtmenubar-
2026-08-30T08:56:31.9789630Z [===========================            ] 68% Unzipping... tools/lib/osgi-4.0.0.
2026-08-30T08:56:31.9790394Z [===========================            ] 68% Unzipping... tools/lib/x86_64/    
2026-08-30T08:56:31.9881241Z [===========================            ] 68% Unzipping... tools/lib/x86_64/swt.
2026-08-30T08:56:32.0305592Z [===========================            ] 68% Unzipping... tools/lib/monitor-x86
2026-08-30T08:56:32.1083047Z [===========================            ] 69% Unzipping... tools/lib/monitor-x86
2026-08-30T08:56:32.1665044Z [===========================            ] 70% Unzipping... tools/lib/monitor-x86
2026-08-30T08:56:32.2333871Z [============================           ] 70% Unzipping... tools/lib/monitor-x86
2026-08-30T08:56:32.9852435Z [============================           ] 71% Unzipping... tools/lib/monitor-x86
2026-08-30T08:56:32.9854994Z [============================           ] 71% Unzipping... tools/lib/httpmime-4.
2026-08-30T08:56:32.9856981Z [============================           ] 71% Unzipping... tools/lib/annotations
2026-08-30T08:56:32.9871848Z [============================           ] 71% Unzipping... tools/lib/lint-26.0.0
2026-08-30T08:56:32.9878816Z [============================           ] 71% Unzipping... tools/lib/apkanalyzer
2026-08-30T08:56:32.9884942Z [============================           ] 71% Unzipping... tools/lib/binary-reso
2026-08-30T08:56:32.9892383Z [============================           ] 71% Unzipping... tools/lib/jopt-simple
2026-08-30T08:56:32.9897922Z [============================           ] 71% Unzipping... tools/lib/util-2.2.1.
2026-08-30T08:56:32.9914937Z [============================           ] 71% Unzipping... tools/lib/ddmuilib-26
2026-08-30T08:56:32.9929779Z [============================           ] 72% Unzipping... tools/lib/ddmuilib-26
2026-08-30T08:56:32.9974532Z [============================           ] 72% Unzipping... tools/lib/sdk-common-
2026-08-30T08:56:32.9983400Z [============================           ] 72% Unzipping... tools/lib/traceview-2
2026-08-30T08:56:32.9996478Z [============================           ] 72% Unzipping... tools/lib/httpcore-4.
2026-08-30T08:56:32.9999491Z [============================           ] 72% Unzipping... tools/lib/screenshot2
2026-08-30T08:56:33.0011933Z [============================           ] 72% Unzipping... tools/lib/commons-cod
2026-08-30T08:56:33.0014263Z [============================           ] 72% Unzipping... tools/lib/proguard-pr
2026-08-30T08:56:33.0551586Z [============================           ] 72% Unzipping... tools/lib/jython-stan
2026-08-30T08:56:33.0601119Z [=============================          ] 73% Unzipping... tools/lib/jython-stan
2026-08-30T08:56:33.0604066Z [=============================          ] 73% Unzipping... tools/lib/annotations
2026-08-30T08:56:33.0609325Z [=============================          ] 73% Unzipping... tools/lib/commons-log
2026-08-30T08:56:33.0672786Z [=============================          ] 73% Unzipping... tools/lib/protobuf-ja
2026-08-30T08:56:33.0677416Z [=============================          ] 73% Unzipping... tools/lib/fakeadbserv
2026-08-30T08:56:33.0822666Z [=============================          ] 73% Unzipping... tools/lib/bcprov-jdk1
2026-08-30T08:56:33.0823521Z [=============================          ] 73% Unzipping... tools/lib/x86/       
2026-08-30T08:56:33.0891044Z [=============================          ] 73% Unzipping... tools/lib/x86/swt.jar
2026-08-30T08:56:33.0933520Z [=============================          ] 73% Unzipping... tools/lib/kotlin-stdl
2026-08-30T08:56:33.0957146Z [=============================          ] 73% Unzipping... tools/lib/commons-com
2026-08-30T08:56:33.0992184Z [=============================          ] 73% Unzipping... tools/lib/lombok-ast-
2026-08-30T08:56:33.1020897Z [=============================          ] 73% Unzipping... tools/lib/trove4j-201
2026-08-30T08:56:33.1246833Z [=============================          ] 73% Unzipping... tools/lib/intellij-co
2026-08-30T08:56:33.1395648Z [=============================          ] 74% Unzipping... tools/lib/intellij-co
2026-08-30T08:56:33.1407940Z [=============================          ] 74% Unzipping... tools/lib/jimfs-1.1.j
2026-08-30T08:56:33.1410740Z [=============================          ] 74% Unzipping... tools/lib/j2objc-anno
2026-08-30T08:56:33.1416460Z [=============================          ] 74% Unzipping... tools/lib/jfreechart-
2026-08-30T08:56:33.1861854Z [=============================          ] 74% Unzipping... tools/lib/monitor-x86
2026-08-30T08:56:33.2246718Z [=============================          ] 75% Unzipping... tools/lib/monitor-x86
2026-08-30T08:56:33.2604320Z [==============================         ] 75% Unzipping... tools/lib/monitor-x86
2026-08-30T08:56:33.3478805Z [==============================         ] 76% Unzipping... tools/lib/monitor-x86
2026-08-30T08:56:33.5014900Z [==============================         ] 77% Unzipping... tools/lib/monitor-x86
2026-08-30T08:56:33.5019569Z [==============================         ] 77% Unzipping... tools/lib/generator.j
2026-08-30T08:56:33.5020939Z [==============================         ] 77% Unzipping... tools/source.properti
2026-08-30T08:56:33.5021671Z [==============================         ] 77% Unzipping... tools/bin/           
2026-08-30T08:56:33.5024288Z [==============================         ] 77% Unzipping... tools/bin/avdmanager 
2026-08-30T08:56:33.5026442Z [==============================         ] 77% Unzipping... tools/bin/jobb       
2026-08-30T08:56:33.5028985Z [==============================         ] 77% Unzipping... tools/bin/uiautomator
2026-08-30T08:56:33.5031149Z [==============================         ] 77% Unzipping... tools/bin/apkanalyzer
2026-08-30T08:56:33.5033123Z [==============================         ] 77% Unzipping... tools/bin/monkeyrunne
2026-08-30T08:56:33.5035513Z [==============================         ] 77% Unzipping... tools/bin/archquery  
2026-08-30T08:56:33.5038146Z [==============================         ] 77% Unzipping... tools/bin/sdkmanager 
2026-08-30T08:56:33.5040911Z [==============================         ] 77% Unzipping... tools/bin/lint       
2026-08-30T08:56:33.5043121Z [==============================         ] 77% Unzipping... tools/bin/screenshot2
2026-08-30T08:56:33.5065222Z [==============================         ] 77% Unzipping... tools/NOTICE.txt     
2026-08-30T08:56:33.5100608Z [==============================         ] 77% Unzipping... tools/emulator       
2026-08-30T08:56:33.5124623Z [==============================         ] 77% Unzipping... tools/emulator-check 
2026-08-30T08:56:33.5127044Z [==============================         ] 77% Unzipping... tools/monitor        
2026-08-30T08:56:33.5129821Z [==============================         ] 77% Unzipping... tools/android        
2026-08-30T08:56:33.5132838Z [==============================         ] 77% Unzipping... tools/mksdcard       
2026-08-30T08:56:33.5133658Z [==============================         ] 77% Unzipping... tools/support/       
2026-08-30T08:56:33.5138987Z [==============================         ] 77% Unzipping... tools/support/typos-d
2026-08-30T08:56:33.5142598Z [==============================         ] 77% Unzipping... tools/support/typos-e
2026-08-30T08:56:33.5144471Z [==============================         ] 77% Unzipping... tools/support/annotat
2026-08-30T08:56:33.5152795Z [==============================         ] 77% Unzipping... tools/support/typos-e
2026-08-30T08:56:33.5156188Z [==============================         ] 77% Unzipping... tools/support/typos-t
2026-08-30T08:56:33.5160942Z [==============================         ] 77% Unzipping... tools/support/typos-p
2026-08-30T08:56:33.5164116Z [==============================         ] 77% Unzipping... tools/support/typos-i
2026-08-30T08:56:33.5167401Z [==============================         ] 77% Unzipping... tools/support/typos-n
2026-08-30T08:56:33.5171000Z [==============================         ] 77% Unzipping... tools/support/typos-h
2026-08-30T08:56:33.5452827Z [==============================         ] 78% Unzipping... tools/support/typos-h
2026-08-30T08:56:33.5453717Z [=======================================] 100% Unzipping... tools/support/typos-
2026-08-30T08:56:33.5504373Z 
2026-08-30T08:56:33.5645282Z [command]/usr/local/lib/android/sdk/cmdline-tools/16.0/bin/sdkmanager platform-tools
2026-08-30T08:56:34.3511176Z Loading package information...                                                  
2026-08-30T08:56:34.4678365Z Loading local repository...                                                     
2026-08-30T08:56:34.4678889Z [                                       ] 3% Loading local repository...        
2026-08-30T08:56:34.4759995Z [                                       ] 3% Fetch remote repository...         
2026-08-30T08:56:34.8442122Z [=                                      ] 3% Fetch remote repository...         
2026-08-30T08:56:34.9125344Z [=                                      ] 4% Fetch remote repository...         
2026-08-30T08:56:34.9457723Z [=                                      ] 5% Fetch remote repository...         
2026-08-30T08:56:35.0119803Z [==                                     ] 5% Fetch remote repository...         
2026-08-30T08:56:35.0877982Z [==                                     ] 6% Fetch remote repository...         
2026-08-30T08:56:35.1774695Z [==                                     ] 7% Fetch remote repository...         
2026-08-30T08:56:35.1807716Z [==                                     ] 7% Computing updates...               
2026-08-30T08:56:35.1929721Z [===                                    ] 8% Computing updates...               
2026-08-30T08:56:35.1977371Z [===                                    ] 10% Computing updates...              
2026-08-30T08:56:35.1978427Z [=======================================] 100% Computing updates...             
2026-08-30T08:56:35.1978863Z 
2026-08-30T08:56:35.2461028Z ##[group]Run sdkmanager "platforms;android-34" "build-tools;34.0.0"
2026-08-30T08:56:35.2461563Z [36;1msdkmanager "platforms;android-34" "build-tools;34.0.0"[0m
2026-08-30T08:56:35.2461989Z [36;1mecho "y" | sdkmanager --licenses || true[0m
2026-08-30T08:56:35.2503935Z shell: /usr/bin/bash -e {0}
2026-08-30T08:56:35.2504188Z env:
2026-08-30T08:56:35.2504501Z   JAVA_HOME: /opt/hostedtoolcache/Java_Temurin-Hotspot_jdk/17.0.20-1/x64
2026-08-30T08:56:35.2505013Z   JAVA_HOME_17_X64: /opt/hostedtoolcache/Java_Temurin-Hotspot_jdk/17.0.20-1/x64
2026-08-30T08:56:35.2505416Z   ANDROID_HOME: /usr/local/lib/android/sdk
2026-08-30T08:56:35.2505716Z   ANDROID_SDK_ROOT: /usr/local/lib/android/sdk
2026-08-30T08:56:35.2505990Z ##[endgroup]
2026-08-30T08:56:36.1078302Z Loading package information...                                                  
2026-08-30T08:56:36.2227653Z Loading local repository...                                                     
2026-08-30T08:56:36.2246764Z [                                       ] 3% Loading local repository...        
2026-08-30T08:56:36.2327568Z [                                       ] 3% Fetch remote repository...         
2026-08-30T08:56:36.6240227Z [=                                      ] 3% Fetch remote repository...         
2026-08-30T08:56:36.7702794Z [=                                      ] 4% Fetch remote repository...         
2026-08-30T08:56:36.8078338Z [=                                      ] 5% Fetch remote repository...         
2026-08-30T08:56:36.8571414Z [==                                     ] 5% Fetch remote repository...         
2026-08-30T08:56:36.9374724Z [==                                     ] 6% Fetch remote repository...         
2026-08-30T08:56:37.0387601Z [==                                     ] 7% Fetch remote repository...         
2026-08-30T08:56:37.0428141Z [==                                     ] 7% Computing updates...               
2026-08-30T08:56:37.0563096Z [===                                    ] 8% Computing updates...               
2026-08-30T08:56:37.0629074Z [===                                    ] 10% Computing updates...              
2026-08-30T08:56:37.0631653Z [=======================================] 100% Computing updates...             
2026-08-30T08:56:37.0632261Z 
2026-08-30T08:56:37.9882806Z Loading local repository...                                                     
2026-08-30T08:56:37.9884158Z [=========                              ] 25% Loading local repository...       
2026-08-30T08:56:38.0001493Z [=========                              ] 25% Fetch remote repository...        
2026-08-30T08:56:38.1808257Z [==========                             ] 26% Fetch remote repository...        
2026-08-30T08:56:38.1809516Z [============                           ] 31% Fetch remote repository...        
2026-08-30T08:56:38.3369147Z [============                           ] 32% Fetch remote repository...        
2026-08-30T08:56:38.3370459Z [=============                          ] 33% Fetch remote repository...        
2026-08-30T08:56:38.4321127Z [=============                          ] 35% Fetch remote repository...        
2026-08-30T08:56:38.4322431Z [==============                         ] 36% Fetch remote repository...        
2026-08-30T08:56:38.4533115Z [==============                         ] 37% Fetch remote repository...        
2026-08-30T08:56:38.4534670Z [===============                        ] 38% Fetch remote repository...        
2026-08-30T08:56:38.4729210Z [===============                        ] 39% Fetch remote repository...        
2026-08-30T08:56:38.4730447Z [================                       ] 40% Fetch remote repository...        
2026-08-30T08:56:38.4894644Z [================                       ] 41% Fetch remote repository...        
2026-08-30T08:56:38.4898295Z [================                       ] 42% Fetch remote repository...        
2026-08-30T08:56:38.5074393Z [=================                      ] 44% Fetch remote repository...        
2026-08-30T08:56:38.5087780Z [=================                      ] 45% Fetch remote repository...        
2026-08-30T08:56:38.5246622Z [==================                     ] 46% Fetch remote repository...        
2026-08-30T08:56:38.5248128Z [==================                     ] 47% Fetch remote repository...        
2026-08-30T08:56:38.5427532Z [===================                    ] 48% Fetch remote repository...        
2026-08-30T08:56:38.5439022Z [===================                    ] 49% Fetch remote repository...        
2026-08-30T08:56:38.5601002Z [====================                   ] 50% Fetch remote repository...        
2026-08-30T08:56:38.5602283Z [====================                   ] 51% Fetch remote repository...        
2026-08-30T08:56:38.5759360Z [====================                   ] 53% Fetch remote repository...        
2026-08-30T08:56:38.5761378Z [=====================                  ] 54% Fetch remote repository...        
2026-08-30T08:56:38.6083297Z [=====================                  ] 55% Fetch remote repository...        
2026-08-30T08:56:38.6084652Z [======================                 ] 56% Fetch remote repository...        
2026-08-30T08:56:38.6260442Z [======================                 ] 57% Fetch remote repository...        
2026-08-30T08:56:38.6261743Z [=======================                ] 58% Fetch remote repository...        
2026-08-30T08:56:38.6413399Z [=======================                ] 59% Fetch remote repository...        
2026-08-30T08:56:38.6414781Z [========================               ] 60% Fetch remote repository...        
2026-08-30T08:56:38.6761525Z [========================               ] 61% Fetch remote repository...        
2026-08-30T08:56:38.6762742Z [=========================              ] 63% Fetch remote repository...        
2026-08-30T08:56:38.6874755Z [=========================              ] 64% Fetch remote repository...        
2026-08-30T08:56:38.6876172Z [=========================              ] 65% Fetch remote repository...        
2026-08-30T08:56:38.6999977Z [==========================             ] 66% Fetch remote repository...        
2026-08-30T08:56:38.7001115Z [==========================             ] 67% Fetch remote repository...        
2026-08-30T08:56:38.7158465Z [===========================            ] 68% Fetch remote repository...        
2026-08-30T08:56:38.7159702Z [===========================            ] 69% Fetch remote repository...        
2026-08-30T08:56:38.7392557Z [============================           ] 70% Fetch remote repository...        
2026-08-30T08:56:38.7395518Z [============================           ] 72% Fetch remote repository...        
2026-08-30T08:56:38.7681251Z [=============================          ] 73% Fetch remote repository...        
2026-08-30T08:56:38.7689298Z [=============================          ] 74% Fetch remote repository...        
2026-08-30T08:56:38.7778397Z [=============================          ] 75% Fetch remote repository...        
2026-08-30T08:56:38.7898463Z [=============================          ] 75% Computing updates...              
2026-08-30T08:56:38.7904089Z [=======================================] 100% Computing updates...             
2026-08-30T08:56:38.8333570Z All SDK package licenses accepted.
2026-08-30T08:56:38.8339289Z 
2026-08-30T08:56:38.8721555Z ##[group]Run if [ ! -f gradle/wrapper/gradle-wrapper.jar ]; then
2026-08-30T08:56:38.8722057Z [36;1mif [ ! -f gradle/wrapper/gradle-wrapper.jar ]; then[0m
2026-08-30T08:56:38.8722649Z [36;1m  curl -L -o gradle/wrapper/gradle-wrapper.jar \[0m
2026-08-30T08:56:38.8723210Z [36;1m    https://raw.githubusercontent.com/gradle/gradle/v8.9.0/gradle/wrapper/gradle-wrapper.jar[0m
2026-08-30T08:56:38.8723692Z [36;1mfi[0m
2026-08-30T08:56:38.8762420Z shell: /usr/bin/bash -e {0}
2026-08-30T08:56:38.8762668Z env:
2026-08-30T08:56:38.8762974Z   JAVA_HOME: /opt/hostedtoolcache/Java_Temurin-Hotspot_jdk/17.0.20-1/x64
2026-08-30T08:56:38.8763463Z   JAVA_HOME_17_X64: /opt/hostedtoolcache/Java_Temurin-Hotspot_jdk/17.0.20-1/x64
2026-08-30T08:56:38.8763871Z   ANDROID_HOME: /usr/local/lib/android/sdk
2026-08-30T08:56:38.8764163Z   ANDROID_SDK_ROOT: /usr/local/lib/android/sdk
2026-08-30T08:56:38.8764437Z ##[endgroup]
2026-08-30T08:56:38.8857818Z ##[group]Run chmod +x gradlew
2026-08-30T08:56:38.8858244Z [36;1mchmod +x gradlew[0m
2026-08-30T08:56:38.8895089Z shell: /usr/bin/bash -e {0}
2026-08-30T08:56:38.8895414Z env:
2026-08-30T08:56:38.8895905Z   JAVA_HOME: /opt/hostedtoolcache/Java_Temurin-Hotspot_jdk/17.0.20-1/x64
2026-08-30T08:56:38.8896562Z   JAVA_HOME_17_X64: /opt/hostedtoolcache/Java_Temurin-Hotspot_jdk/17.0.20-1/x64
2026-08-30T08:56:38.8897357Z   ANDROID_HOME: /usr/local/lib/android/sdk
2026-08-30T08:56:38.8897798Z   ANDROID_SDK_ROOT: /usr/local/lib/android/sdk
2026-08-30T08:56:38.8898159Z ##[endgroup]
2026-08-30T08:56:38.9001980Z ##[group]Run keytool -genkeypair -v -keystore release.keystore -alias vibeqwen \
2026-08-30T08:56:38.9002664Z [36;1mkeytool -genkeypair -v -keystore release.keystore -alias vibeqwen \[0m
2026-08-30T08:56:38.9003299Z [36;1m  -keyalg RSA -keysize 2048 -validity 10000 \[0m
2026-08-30T08:56:38.9003744Z [36;1m  -storepass android -keypass android \[0m
2026-08-30T08:56:38.9004376Z [36;1m  -dname "CN=vibeQwen, OU=dev, O=vibeQwen, L=Shenzhen, ST=Guangdong, C=CN"[0m
2026-08-30T08:56:38.9040971Z shell: /usr/bin/bash -e {0}
2026-08-30T08:56:38.9041334Z env:
2026-08-30T08:56:38.9041775Z   JAVA_HOME: /opt/hostedtoolcache/Java_Temurin-Hotspot_jdk/17.0.20-1/x64
2026-08-30T08:56:38.9042446Z   JAVA_HOME_17_X64: /opt/hostedtoolcache/Java_Temurin-Hotspot_jdk/17.0.20-1/x64
2026-08-30T08:56:38.9042949Z   ANDROID_HOME: /usr/local/lib/android/sdk
2026-08-30T08:56:38.9043412Z   ANDROID_SDK_ROOT: /usr/local/lib/android/sdk
2026-08-30T08:56:38.9043800Z ##[endgroup]
2026-08-30T08:56:39.6598858Z Generating 2,048 bit RSA key pair and self-signed certificate (SHA256withRSA) with a validity of 10,000 days
2026-08-30T08:56:39.6637471Z 	for: CN=vibeQwen, OU=dev, O=vibeQwen, L=Shenzhen, ST=Guangdong, C=CN
2026-08-30T08:56:39.7665329Z [Storing release.keystore]
2026-08-30T08:56:39.8604328Z ##[group]Run ./gradlew --no-daemon assembleRelease assembleDebug
2026-08-30T08:56:39.8604815Z [36;1m./gradlew --no-daemon assembleRelease assembleDebug[0m
2026-08-30T08:56:39.8642880Z shell: /usr/bin/bash -e {0}
2026-08-30T08:56:39.8643122Z env:
2026-08-30T08:56:39.8643424Z   JAVA_HOME: /opt/hostedtoolcache/Java_Temurin-Hotspot_jdk/17.0.20-1/x64
2026-08-30T08:56:39.8643947Z   JAVA_HOME_17_X64: /opt/hostedtoolcache/Java_Temurin-Hotspot_jdk/17.0.20-1/x64
2026-08-30T08:56:39.8644365Z   ANDROID_HOME: /usr/local/lib/android/sdk
2026-08-30T08:56:39.8644662Z   ANDROID_SDK_ROOT: /usr/local/lib/android/sdk
2026-08-30T08:56:39.8645092Z   KEYSTORE_PATH: /home/runner/work/vibeQwenGlasses/vibeQwenGlasses/release.keystore
2026-08-30T08:56:39.8645511Z   KEYSTORE_PASSWORD: android
2026-08-30T08:56:39.8645747Z   KEY_ALIAS: vibeqwen
2026-08-30T08:56:39.8645953Z   KEY_PASSWORD: android
2026-08-30T08:56:39.8646161Z ##[endgroup]
2026-08-30T08:56:39.9600295Z Downloading https://services.gradle.org/distributions/gradle-8.9-bin.zip
2026-08-30T08:56:41.3796421Z ............10%.............20%.............30%.............40%.............50%.............60%.............70%.............80%.............90%.............100%
2026-08-30T08:56:42.5553145Z 
2026-08-30T08:56:42.5554371Z Welcome to Gradle 8.9!
2026-08-30T08:56:42.5554782Z 
2026-08-30T08:56:42.5556242Z Here are the highlights of this release:
2026-08-30T08:56:42.5564181Z  - Enhanced Error and Warning Messages
2026-08-30T08:56:42.5564553Z  - IDE Integration Improvements
2026-08-30T08:56:42.5564864Z  - Daemon JVM Information
2026-08-30T08:56:42.5565032Z 
2026-08-30T08:56:42.5565320Z For more details see https://docs.gradle.org/8.9/release-notes.html
2026-08-30T08:56:42.5565613Z 
2026-08-30T08:56:42.7561479Z To honour the JVM settings for this build a single-use Daemon process will be forked. For more on this, please refer to https://docs.gradle.org/8.9/userguide/gradle_daemon.html#sec:disabling_the_daemon in the Gradle documentation.
2026-08-30T08:56:44.0543534Z Daemon will be stopped at the end of the build 
2026-08-30T08:57:38.7562631Z > Task :app:buildKotlinToolingMetadata
2026-08-30T08:57:38.7563857Z > Task :app:checkKotlinGradlePluginConfigurationErrors
2026-08-30T08:57:38.7564938Z > Task :app:preBuild UP-TO-DATE
2026-08-30T08:57:38.7565970Z > Task :app:preReleaseBuild UP-TO-DATE
2026-08-30T08:57:38.8543620Z > Task :app:generateReleaseBuildConfig
2026-08-30T08:57:47.2568176Z > Task :app:generateReleaseResValues
2026-08-30T08:57:47.2588193Z > Task :app:checkReleaseAarMetadata
2026-08-30T08:57:47.3543259Z > Task :app:mapReleaseSourceSetPaths
2026-08-30T08:57:47.3545590Z > Task :app:generateReleaseResources
2026-08-30T08:57:48.2588880Z > Task :app:packageReleaseResources
2026-08-30T08:57:49.0548238Z > Task :app:mergeReleaseResources
2026-08-30T08:57:49.2551323Z > Task :app:createReleaseCompatibleScreenManifests
2026-08-30T08:57:49.2600153Z > Task :app:extractDeepLinksRelease
2026-08-30T08:57:49.2600893Z > Task :app:parseReleaseLocalResources
2026-08-30T08:57:49.4548385Z > Task :app:processReleaseMainManifest
2026-08-30T08:57:49.5543149Z > Task :app:processReleaseManifest
2026-08-30T08:57:49.6555356Z > Task :app:javaPreCompileRelease
2026-08-30T08:57:49.6566222Z > Task :app:extractProguardFiles
2026-08-30T08:57:49.6567394Z > Task :app:mergeReleaseJniLibFolders
2026-08-30T08:57:50.4543450Z > Task :app:mergeReleaseNativeLibs
2026-08-30T08:57:51.4558504Z > Task :app:processReleaseManifestForPackage
2026-08-30T08:57:51.5542733Z > Task :app:checkReleaseDuplicateClasses
2026-08-30T08:57:51.5548436Z 
2026-08-30T08:57:51.5548991Z > Task :app:stripReleaseDebugSymbols
2026-08-30T08:57:51.5550977Z Unable to strip the following libraries, packaging them as they are: libandroidx.graphics.path.so.
2026-08-30T08:57:52.1541948Z 
2026-08-30T08:57:52.1558206Z > Task :app:desugarReleaseFileDependencies
2026-08-30T08:57:52.1568094Z > Task :app:extractReleaseNativeSymbolTables
2026-08-30T08:57:52.1568967Z > Task :app:mergeReleaseStartupProfile
2026-08-30T08:57:52.1570156Z > Task :app:mergeReleaseNativeDebugMetadata NO-SOURCE
2026-08-30T08:57:52.4558429Z > Task :app:processReleaseResources
2026-08-30T08:58:22.1550426Z > Task :app:mergeExtDexRelease
2026-08-30T08:59:03.3566734Z > Task :app:mergeReleaseArtProfile
2026-08-30T08:59:03.3628049Z > Task :app:mergeReleaseShaders
2026-08-30T08:59:03.3668015Z > Task :app:compileReleaseShaders NO-SOURCE
2026-08-30T08:59:03.3788269Z > Task :app:generateReleaseAssets UP-TO-DATE
2026-08-30T08:59:03.4546022Z > Task :app:mergeReleaseAssets
2026-08-30T08:59:03.4555825Z > Task :app:compressReleaseAssets
2026-08-30T08:59:03.5544874Z > Task :app:extractReleaseVersionControlInfo
2026-08-30T08:59:03.6545645Z > Task :app:collectReleaseDependencies
2026-08-30T08:59:03.7558373Z > Task :app:optimizeReleaseResources
2026-08-30T08:59:03.7578483Z > Task :app:sdkReleaseDependencyData
2026-08-30T08:59:03.7615643Z > Task :app:validateSigningRelease
2026-08-30T08:59:03.8542059Z > Task :app:writeReleaseAppMetadata
2026-08-30T08:59:03.8558002Z > Task :app:writeReleaseSigningConfigVersions
2026-08-30T08:59:03.8597697Z > Task :app:preDebugBuild UP-TO-DATE
2026-08-30T08:59:03.8598662Z > Task :app:mergeDebugNativeDebugMetadata NO-SOURCE
2026-08-30T08:59:03.8599394Z > Task :app:generateDebugBuildConfig
2026-08-30T08:59:04.7554404Z > Task :app:checkDebugAarMetadata
2026-08-30T08:59:04.7578208Z > Task :app:generateDebugResValues FROM-CACHE
2026-08-30T08:59:04.8608379Z > Task :app:mapDebugSourceSetPaths
2026-08-30T08:59:04.8657841Z > Task :app:generateDebugResources
2026-08-30T08:59:05.4558155Z > Task :app:packageDebugResources
2026-08-30T08:59:05.4578056Z > Task :app:parseDebugLocalResources FROM-CACHE
2026-08-30T08:59:05.4607970Z > Task :app:createDebugCompatibleScreenManifests
2026-08-30T08:59:05.4667882Z > Task :app:extractDeepLinksDebug FROM-CACHE
2026-08-30T08:59:05.6588298Z > Task :app:processDebugMainManifest
2026-08-30T08:59:05.6617385Z > Task :app:processDebugManifest
2026-08-30T08:59:05.6641218Z > Task :app:processDebugManifestForPackage
2026-08-30T08:59:05.6688031Z > Task :app:javaPreCompileDebug FROM-CACHE
2026-08-30T08:59:05.6701865Z > Task :app:mergeDebugShaders
2026-08-30T08:59:05.6704653Z > Task :app:compileDebugShaders NO-SOURCE
2026-08-30T08:59:05.6741172Z > Task :app:generateDebugAssets UP-TO-DATE
2026-08-30T08:59:05.6757781Z > Task :app:mergeDebugAssets
2026-08-30T08:59:05.6787601Z > Task :app:compressDebugAssets
2026-08-30T08:59:05.6812480Z > Task :app:desugarDebugFileDependencies
2026-08-30T08:59:05.8547642Z 
2026-08-30T08:59:05.8591348Z e: This version (1.5.14) of the Compose Compiler requires Kotlin version 1.9.24 but you appear to be using Kotlin version 1.9.23 which is not known to be compatible.  Please consult the Compose-Kotlin compatibility map located at https://developer.android.com/jetpack/androidx/releases/compose-kotlin to choose a compatible version pair (or `suppressKotlinVersionCompatibilityCheck` but don't say I didn't warn you!).
2026-08-30T08:59:05.8594377Z > Task :app:compileReleaseKotlin FAILED
2026-08-30T08:59:05.8597471Z 
2026-08-30T08:59:05.8627942Z > Task :app:checkDebugDuplicateClasses
2026-08-30T08:59:06.0548565Z > Task :app:mergeDebugResources
2026-08-30T08:59:06.0567522Z 
2026-08-30T08:59:06.0568086Z FAILURE: Build failed with an exception.
2026-08-30T08:59:06.0568860Z 57 actionable tasks: 53 executed, 4 from cache
2026-08-30T08:59:06.0597855Z 
2026-08-30T08:59:06.0608473Z * What went wrong:
2026-08-30T08:59:06.0609292Z Execution failed for task ':app:compileReleaseKotlin'.
2026-08-30T08:59:06.0610895Z > A failure occurred while executing org.jetbrains.kotlin.compilerRunner.GradleCompilerRunnerWithWorkers$GradleKotlinCompilerWorkAction
2026-08-30T08:59:06.0612241Z    > Compilation error. See log for more details
2026-08-30T08:59:06.0612623Z 
2026-08-30T08:59:06.0612761Z * Try:
2026-08-30T08:59:06.0613307Z > Run with --stacktrace option to get the stack trace.
2026-08-30T08:59:06.0614084Z > Run with --info or --debug option to get more log output.
2026-08-30T08:59:06.0614760Z > Run with --scan to get full insights.
2026-08-30T08:59:06.0615857Z > Get more help at https://help.gradle.org.
2026-08-30T08:59:06.0616281Z 
2026-08-30T08:59:06.0616512Z BUILD FAILED in 2m 26s
2026-08-30T08:59:06.5261629Z ##[error]Process completed with exit code 1.
2026-08-30T08:59:06.5399797Z Node 20 is being deprecated. This workflow is running with Node 24 by default. If you need to temporarily use Node 20, you can set the ACTIONS_ALLOW_USE_UNSECURE_NODE_VERSION=true environment variable. For more information see: https://github.blog/changelog/2025-09-19-deprecation-of-node-20-on-github-actions-runners/
2026-08-30T08:59:06.5401048Z Post job cleanup.
2026-08-30T08:59:06.6864569Z (node:2933) [DEP0040] DeprecationWarning: The `punycode` module is deprecated. Please use a userland alternative instead.
2026-08-30T08:59:06.6865494Z (Use `node --trace-deprecation ...` to show where the warning was created)
2026-08-30T08:59:06.7058980Z Node 20 is being deprecated. This workflow is running with Node 24 by default. If you need to temporarily use Node 20, you can set the ACTIONS_ALLOW_USE_UNSECURE_NODE_VERSION=true environment variable. For more information see: https://github.blog/changelog/2025-09-19-deprecation-of-node-20-on-github-actions-runners/
2026-08-30T08:59:06.7060215Z Post job cleanup.
2026-08-30T08:59:06.8004745Z [command]/usr/bin/git version
2026-08-30T08:59:06.8054093Z git version 2.55.0
2026-08-30T08:59:06.8100087Z Temporarily overriding HOME='/home/runner/work/_temp/031991de-8c56-4633-b172-7f8123939769' before making global git config changes
2026-08-30T08:59:06.8102609Z Adding repository directory to the temporary git global config as a safe directory
2026-08-30T08:59:06.8105979Z [command]/usr/bin/git config --global --add safe.directory /home/runner/work/vibeQwenGlasses/vibeQwenGlasses
2026-08-30T08:59:06.8148859Z [command]/usr/bin/git config --local --name-only --get-regexp core\.sshCommand
2026-08-30T08:59:06.8186805Z [command]/usr/bin/git submodule foreach --recursive sh -c "git config --local --name-only --get-regexp 'core\.sshCommand' && git config --local --unset-all 'core.sshCommand' || :"
2026-08-30T08:59:06.8482289Z [command]/usr/bin/git config --local --name-only --get-regexp http\.https\:\/\/github\.com\/\.extraheader
2026-08-30T08:59:06.8504349Z http.https://github.com/.extraheader
2026-08-30T08:59:06.8516383Z [command]/usr/bin/git config --local --unset-all http.https://github.com/.extraheader
2026-08-30T08:59:06.8551357Z [command]/usr/bin/git submodule foreach --recursive sh -c "git config --local --name-only --get-regexp 'http\.https\:\/\/github\.com\/\.extraheader' && git config --local --unset-all 'http.https://github.com/.extraheader' || :"
2026-08-30T08:59:06.8808438Z [command]/usr/bin/git config --local --name-only --get-regexp ^includeIf\.gitdir:
2026-08-30T08:59:06.8847828Z [command]/usr/bin/git submodule foreach --recursive git config --local --show-origin --name-only --get-regexp remote.origin.url
2026-08-30T08:59:06.9238056Z Cleaning up orphan processes
2026-08-30T08:59:06.9561802Z Terminate orphan process: pid (2879) (java)
2026-08-30T08:59:06.9573695Z ##[warning]Node.js 20 is deprecated. The following actions target Node.js 20 but are being forced to run on Node.js 24: actions/checkout@v4, actions/setup-java@v4, android-actions/setup-android@v3. For more information see: https://github.blog/changelog/2025-09-19-deprecation-of-node-20-on-github-actions-runners/

